2026-06-25 15:57:20,978 [INFO] ============================================================
2026-06-25 15:57:20,978 [INFO] Pauta de Audiencias — 25/06/2026 15:57
2026-06-25 15:57:20,979 [INFO] Projuris ADV: https://service.projurisadv.com.br
2026-06-25 15:57:20,979 [INFO] Supabase: https://yleofidqkimeanpuothv.supabase.co
2026-06-25 15:57:20,979 [INFO] Periodo: 2026-06-25 -> 2026-07-10
2026-06-25 15:57:20,979 [INFO] ============================================================
2026-06-25 15:57:20,979 [INFO] Calendario: 2026-06-25 -> 2026-07-10
2026-06-25 15:57:21,178 [INFO] Iniciando login Projuris ADV via browser (Playwright)…
2026-06-25 15:57:27,278 [INFO] Usuário preenchido: controladoria@falaw.com.br
2026-06-25 15:57:27,399 [INFO] Senha preenchida.
2026-06-25 15:57:27,766 [INFO] Formulário submetido.
2026-06-25 15:57:29,250 [INFO] Login OK — URL: https://app.projurisadv.com.br/?session_state=82802336-620d-4962-9bf9-9f80c6e9ba9a&iss=https%3A%2F%2Flogin.projurisadv.com.br%2Frealms%2Fprojurisadv-realm&code=b21ab3e3-f825-4d8c-9717-5b1324c87dff.82802336-620d-4962-9bf9-9f80c6e9ba9a.4467be42-ba4b-4376-bfca-071a56b6df26
2026-06-25 15:57:30,985 [INFO] Bearer token capturado das requisições de rede.
2026-06-25 15:57:40,727 [WARNING] Calendario falhou (405 Client Error: Method Not Allowed for url: https://service.projurisadv.com.br/adv-service/v2/tarefa/calendario/consulta-sem-paginacao?dataInicio=2026-06-25&dataFim=2026-07-10) — usando endpoint paginado...
2026-06-25 15:57:40,727 [INFO]   Pagina 0
2026-06-25 15:57:45,383 [INFO] Paginado: 0 tarefas recebidas
2026-06-25 15:57:46,172 [INFO] Audiencias filtradas: 0 de 0
2026-06-25 15:57:46,173 [INFO] Nenhuma audiencia encontrada no periodo.
2026-06-25 15:59:11,885 [INFO] ============================================================
2026-06-25 15:59:11,887 [INFO] Pauta de Audiencias — 25/06/2026 15:59
2026-06-25 15:59:11,887 [INFO] Projuris ADV: https://service.projurisadv.com.br
2026-06-25 15:59:11,887 [INFO] Supabase: https://yleofidqkimeanpuothv.supabase.co
2026-06-25 15:59:11,887 [INFO] Periodo: 2026-06-01 -> 2026-07-31
2026-06-25 15:59:11,887 [INFO] ============================================================
2026-06-25 15:59:11,887 [INFO] Calendario (POST): 2026-06-01 -> 2026-07-31
2026-06-25 15:59:12,167 [INFO] Iniciando login Projuris ADV via browser (Playwright)…
2026-06-25 15:59:20,787 [INFO] Usuário preenchido: controladoria@falaw.com.br
2026-06-25 15:59:20,900 [INFO] Senha preenchida.
2026-06-25 15:59:21,193 [INFO] Formulário submetido.
2026-06-25 15:59:22,914 [INFO] Login OK — URL: https://app.projurisadv.com.br/?session_state=f78f00bb-4b31-42cf-9540-ae86be5f56f0&iss=https%3A%2F%2Flogin.projurisadv.com.br%2Frealms%2Fprojurisadv-realm&code=340ca16b-db86-4bca-97aa-c836c0852255.f78f00bb-4b31-42cf-9540-ae86be5f56f0.4467be42-ba4b-4376-bfca-071a56b6df26
2026-06-25 15:59:24,781 [INFO] Bearer token capturado das requisições de rede.
2026-06-25 15:59:43,377 [INFO]   Retornou 0 itens
2026-06-25 15:59:43,381 [INFO] Calendario: 0 tarefas recebidas
2026-06-25 15:59:43,381 [INFO]   Pagina 0 (https://service.projurisadv.com.br/adv-service/v2/tarefa/consulta-com-paginacao)
2026-06-25 15:59:44,527 [INFO]   Pagina 0 (https://service.projurisadv.com.br/adv-service/tarefa/consulta-com-paginacao)
2026-06-25 15:59:48,874 [INFO] Paginado: 0 tarefas recebidas
2026-06-25 15:59:49,823 [INFO] Audiencias filtradas: 0 de 0
2026-06-25 15:59:49,824 [INFO] Nenhuma audiencia encontrada no periodo.
2026-06-25 16:02:47,433 [INFO] ============================================================
2026-06-25 16:02:47,434 [INFO] Pauta de Audiencias — 25/06/2026 16:02
2026-06-25 16:02:47,434 [INFO] Projuris ADV: https://service.projurisadv.com.br
2026-06-25 16:02:47,434 [INFO] Supabase: https://yleofidqkimeanpuothv.supabase.co
2026-06-25 16:02:47,434 [INFO] Periodo: 2026-06-01 -> 2026-07-31
2026-06-25 16:02:47,434 [INFO] ============================================================
2026-06-25 16:02:47,434 [INFO] Calendario: 2026-06-01 -> 2026-07-31
2026-06-25 16:02:47,650 [INFO] Iniciando login Projuris ADV via browser (Playwright)…
2026-06-25 16:02:54,133 [INFO] Usuário preenchido: controladoria@falaw.com.br
2026-06-25 16:02:54,245 [INFO] Senha preenchida.
2026-06-25 16:02:54,531 [INFO] Formulário submetido.
2026-06-25 16:02:55,757 [INFO] Login OK — URL: https://app.projurisadv.com.br/?session_state=9658ab82-a545-44d0-bbda-33470c92eee0&iss=https%3A%2F%2Flogin.projurisadv.com.br%2Frealms%2Fprojurisadv-realm&code=c3772e4b-9c04-4527-80f1-ac06665e97ce.9658ab82-a545-44d0-bbda-33470c92eee0.4467be42-ba4b-4376-bfca-071a56b6df26
2026-06-25 16:02:56,116 [INFO] Bearer token capturado das requisições de rede.
2026-06-25 16:03:06,927 [INFO]   Retornou 0 itens
2026-06-25 16:03:07,358 [INFO] Calendario: 0 tarefas recebidas
2026-06-25 16:03:07,358 [INFO]   Pagina 0 (https://service.projurisadv.com.br/adv-service/v2/tarefa/consulta-com-paginacao)
2026-06-25 16:03:08,134 [INFO]   Pagina 0 (https://service.projurisadv.com.br/adv-service/tarefa/consulta-com-paginacao)
2026-06-25 16:03:11,967 [INFO] Paginado: 0 tarefas recebidas
2026-06-25 16:03:12,953 [INFO] Audiencias filtradas: 0 de 0
2026-06-25 16:03:12,953 [INFO] Nenhuma audiencia encontrada no periodo.
2026-06-25 16:05:54,202 [INFO] ============================================================
2026-06-25 16:05:54,203 [INFO] Pauta de Audiencias — 25/06/2026 16:05
2026-06-25 16:05:54,203 [INFO] Projuris ADV: https://service.projurisadv.com.br
2026-06-25 16:05:54,203 [INFO] Supabase: https://yleofidqkimeanpuothv.supabase.co
2026-06-25 16:05:54,204 [INFO] Periodo: 2026-06-01 -> 2026-07-31
2026-06-25 16:05:54,204 [INFO] ============================================================
2026-06-25 16:05:54,204 [INFO] Calendario: 2026-06-01 -> 2026-07-31
2026-06-25 16:05:54,410 [INFO] Iniciando login Projuris ADV via browser (Playwright)…
2026-06-25 16:06:00,631 [INFO] Usuário preenchido: controladoria@falaw.com.br
2026-06-25 16:06:00,726 [INFO] Senha preenchida.
2026-06-25 16:06:00,904 [INFO] Formulário submetido.
2026-06-25 16:06:02,079 [INFO] Login OK — URL: https://app.projurisadv.com.br/?session_state=2312a9e5-514b-4f4e-85a0-bff543b94ee6&iss=https%3A%2F%2Flogin.projurisadv.com.br%2Frealms%2Fprojurisadv-realm&code=7d8c54f3-767c-4b9d-a658-2772799254dc.2312a9e5-514b-4f4e-85a0-bff543b94ee6.4467be42-ba4b-4376-bfca-071a56b6df26
2026-06-25 16:06:03,698 [INFO] Bearer token capturado das requisições de rede.
2026-06-25 16:06:13,987 [INFO]   Retornou 143 itens
2026-06-25 16:06:13,990 [INFO] Calendario: 143 tarefas recebidas
2026-06-25 16:06:14,753 [INFO] Audiencias filtradas: 0 de 143
2026-06-25 16:06:14,753 [INFO] Nenhuma audiencia encontrada no periodo.
2026-06-25 16:09:19,578 [INFO] ============================================================
2026-06-25 16:09:19,578 [INFO] Pauta de Audiencias — 25/06/2026 16:09
2026-06-25 16:09:19,578 [INFO] Projuris ADV: https://service.projurisadv.com.br
2026-06-25 16:09:19,579 [INFO] Supabase: https://yleofidqkimeanpuothv.supabase.co
2026-06-25 16:09:19,579 [INFO] Periodo: 2026-06-01 -> 2026-06-30
2026-06-25 16:09:19,579 [INFO] ============================================================
2026-06-25 16:09:19,579 [INFO] Calendario: 2026-06-01 -> 2026-06-30
2026-06-25 16:09:19,845 [INFO] Iniciando login Projuris ADV via browser (Playwright)…
2026-06-25 16:09:27,429 [INFO] Usuário preenchido: controladoria@falaw.com.br
2026-06-25 16:09:27,694 [INFO] Senha preenchida.
2026-06-25 16:09:28,283 [INFO] Formulário submetido.
2026-06-25 16:09:30,599 [INFO] Login OK — URL: https://app.projurisadv.com.br/?session_state=12da4403-7cf9-4269-bcef-4774ab0f8505&iss=https%3A%2F%2Flogin.projurisadv.com.br%2Frealms%2Fprojurisadv-realm&code=9d43eafe-a0a6-497c-b921-847b4e50816b.12da4403-7cf9-4269-bcef-4774ab0f8505.4467be42-ba4b-4376-bfca-071a56b6df26
2026-06-25 16:09:32,952 [INFO] Bearer token capturado das requisições de rede.
2026-06-25 16:09:43,531 [INFO]   Retornou 84 itens
2026-06-25 16:09:43,531 [INFO] Calendario: 84 tarefas recebidas
2026-06-25 16:09:46,223 [ERROR] Supabase 400: {"code":"PGRST204","details":null,"hint":null,"message":"Could not find the 'responsavel' column of 'pauta_audiencias' in the schema cache"}
2026-06-25 16:09:47,545 [ERROR] Supabase 400: {"code":"PGRST204","details":null,"hint":null,"message":"Could not find the 'responsavel' column of 'pauta_audiencias' in the schema cache"}
2026-06-25 16:09:47,548 [INFO] Audiencias salvas no Supabase (pauta_audiencias): 0
2026-06-25 16:09:47,548 [INFO] ============================================================
2026-06-25 16:09:47,549 [INFO] Sincronizacao concluida.
2026-06-25 16:09:47,549 [INFO] ============================================================
2026-06-25 16:10:45,680 [INFO] ============================================================
2026-06-25 16:10:45,681 [INFO] Pauta de Audiencias — 25/06/2026 16:10
2026-06-25 16:10:45,681 [INFO] Projuris ADV: https://service.projurisadv.com.br
2026-06-25 16:10:45,681 [INFO] Supabase: https://yleofidqkimeanpuothv.supabase.co
2026-06-25 16:10:45,681 [INFO] Periodo: 2026-06-01 -> 2026-06-30
2026-06-25 16:10:45,681 [INFO] ============================================================
2026-06-25 16:10:45,681 [INFO] Calendario: 2026-06-01 -> 2026-06-30
2026-06-25 16:10:45,928 [INFO] Iniciando login Projuris ADV via browser (Playwright)…
2026-06-25 16:10:54,273 [INFO] Usuário preenchido: controladoria@falaw.com.br
2026-06-25 16:10:54,421 [INFO] Senha preenchida.
2026-06-25 16:10:54,794 [INFO] Formulário submetido.
2026-06-25 16:10:56,324 [INFO] Login OK — URL: https://app.projurisadv.com.br/?session_state=7feda9a5-edc3-4170-add9-0af494c7cd13&iss=https%3A%2F%2Flogin.projurisadv.com.br%2Frealms%2Fprojurisadv-realm&code=203e5526-a74a-42b2-a552-a34840bab14b.7feda9a5-edc3-4170-add9-0af494c7cd13.4467be42-ba4b-4376-bfca-071a56b6df26
2026-06-25 16:10:56,761 [INFO] Bearer token capturado das requisições de rede.
2026-06-25 16:11:08,495 [INFO]   Retornou 84 itens
2026-06-25 16:11:08,503 [INFO] Calendario: 84 tarefas recebidas
2026-06-25 16:11:11,406 [ERROR] Supabase 400: {"code":"23514","details":"Failing row contains (adv-b12338f102f8, 2026-06-22, 03:00, INSTRUÇÃO, , , , 0000448-31.2025.5.06.0122, 2ª Vara do Trabalho de Paulista, , GISELLE DE OLIVEIRA SILVA, PRAVALER
2026-06-25 16:11:12,655 [ERROR] Supabase 400: {"code":"23514","details":"Failing row contains (adv-b4d1a5bdea5b, 2026-06-12, 03:00, INSTRUÇÃO, , , , 0000448-31.2025.5.06.0122, 2ª Vara do Trabalho de Paulista, , GISELLE DE OLIVEIRA SILVA, PRAVALER
2026-06-25 16:11:12,664 [INFO] Audiencias salvas no Supabase (pauta_audiencias): 0
2026-06-25 16:11:12,665 [INFO] ============================================================
2026-06-25 16:11:12,665 [INFO] Sincronizacao concluida.
2026-06-25 16:11:12,665 [INFO] ============================================================
2026-06-25 16:11:46,502 [INFO] ============================================================
2026-06-25 16:11:46,502 [INFO] Pauta de Audiencias — 25/06/2026 16:11
2026-06-25 16:11:46,502 [INFO] Projuris ADV: https://service.projurisadv.com.br
2026-06-25 16:11:46,503 [INFO] Supabase: https://yleofidqkimeanpuothv.supabase.co
2026-06-25 16:11:46,503 [INFO] Periodo: 2026-06-01 -> 2026-06-30
2026-06-25 16:11:46,503 [INFO] ============================================================
2026-06-25 16:11:46,503 [INFO] Calendario: 2026-06-01 -> 2026-06-30
2026-06-25 16:11:46,695 [INFO] Iniciando login Projuris ADV via browser (Playwright)…
2026-06-25 16:11:54,388 [INFO] Usuário preenchido: controladoria@falaw.com.br
2026-06-25 16:11:54,583 [INFO] Senha preenchida.
2026-06-25 16:11:54,926 [INFO] Formulário submetido.
2026-06-25 16:11:56,346 [INFO] Login OK — URL: https://app.projurisadv.com.br/?session_state=cb1631ad-8601-4a68-89ba-f95ead6b74fe&iss=https%3A%2F%2Flogin.projurisadv.com.br%2Frealms%2Fprojurisadv-realm&code=6459a262-c734-4b15-bf24-f4f60ba42d03.cb1631ad-8601-4a68-89ba-f95ead6b74fe.4467be42-ba4b-4376-bfca-071a56b6df26
2026-06-25 16:11:56,740 [INFO] Bearer token capturado das requisições de rede.
2026-06-25 16:12:09,736 [INFO]   Retornou 84 itens
2026-06-25 16:12:09,737 [INFO] Calendario: 84 tarefas recebidas
2026-06-25 16:12:14,347 [ERROR] Supabase 400: {"code":"23514","details":"Failing row contains (adv-b12338f102f8, 2026-06-22, 03:00, , , , , 0000448-31.2025.5.06.0122, 2ª Vara do Trabalho de Paulista, , GISELLE DE OLIVEIRA SILVA, PRAVALER S/A (CLI
2026-06-25 16:12:16,170 [ERROR] Supabase 400: {"code":"23514","details":"Failing row contains (adv-b4d1a5bdea5b, 2026-06-12, 03:00, , , , , 0000448-31.2025.5.06.0122, 2ª Vara do Trabalho de Paulista, , GISELLE DE OLIVEIRA SILVA, PRAVALER S/A (CLI
2026-06-25 16:12:16,173 [INFO] Audiencias salvas no Supabase (pauta_audiencias): 0
2026-06-25 16:12:16,173 [INFO] ============================================================
2026-06-25 16:12:16,174 [INFO] Sincronizacao concluida.
2026-06-25 16:12:16,174 [INFO] ============================================================
2026-06-25 16:13:46,542 [INFO] ============================================================
2026-06-25 16:13:46,542 [INFO] Pauta de Audiencias — 25/06/2026 16:13
2026-06-25 16:13:46,542 [INFO] Projuris ADV: https://service.projurisadv.com.br
2026-06-25 16:13:46,542 [INFO] Supabase: https://yleofidqkimeanpuothv.supabase.co
2026-06-25 16:13:46,543 [INFO] Periodo: 2026-06-01 -> 2026-06-30
2026-06-25 16:13:46,543 [INFO] ============================================================
2026-06-25 16:13:46,543 [INFO] Calendario: 2026-06-01 -> 2026-06-30
2026-06-25 16:13:46,920 [INFO] Iniciando login Projuris ADV via browser (Playwright)…
2026-06-25 16:13:56,241 [INFO] Usuário preenchido: controladoria@falaw.com.br
2026-06-25 16:13:56,373 [INFO] Senha preenchida.
2026-06-25 16:13:56,688 [INFO] Formulário submetido.
2026-06-25 16:13:58,004 [INFO] Login OK — URL: https://app.projurisadv.com.br/?session_state=5f41d03a-b686-4226-a06a-0a9d147b641e&iss=https%3A%2F%2Flogin.projurisadv.com.br%2Frealms%2Fprojurisadv-realm&code=3ef8352b-7fac-4ab3-8c19-e60e8eac7514.5f41d03a-b686-4226-a06a-0a9d147b641e.4467be42-ba4b-4376-bfca-071a56b6df26
2026-06-25 16:13:58,457 [INFO] Bearer token capturado das requisições de rede.
2026-06-25 16:14:09,761 [INFO]   Retornou 84 itens
2026-06-25 16:14:09,761 [INFO] Calendario: 84 tarefas recebidas
2026-06-25 16:14:13,298 [ERROR] Supabase 400: {"code":"23514","details":"Failing row contains (adv-b12338f102f8, 2026-06-22, 03:00, , , , , 0000448-31.2025.5.06.0122, 2ª Vara do Trabalho de Paulista, , GISELLE DE OLIVEIRA SILVA, PRAVALER S/A (CLIENTE), , , , f, , , , , , realizada, projuris, 2026-06-25 19:14:12.982728+00, 2026-06-25 19:14:10.670806+00, null, null, null, null).","hint":null,"message":"new row for relation \"pauta_audiencias\" violates check constraint \"pauta_audiencias_origem_check\""}
2026-06-25 16:14:14,529 [ERROR] Supabase 400: {"code":"23514","details":"Failing row contains (adv-b4d1a5bdea5b, 2026-06-12, 03:00, , , , , 0000448-31.2025.5.06.0122, 2ª Vara do Trabalho de Paulista, , GISELLE DE OLIVEIRA SILVA, PRAVALER S/A (CLIENTE), , , , f, , , , , , cancelada, projuris, 2026-06-25 19:14:14.529085+00, 2026-06-25 19:14:10.67352+00, null, null, null, null).","hint":null,"message":"new row for relation \"pauta_audiencias\" violates check constraint \"pauta_audiencias_origem_check\""}
2026-06-25 16:14:14,532 [INFO] Audiencias salvas no Supabase (pauta_audiencias): 0
2026-06-25 16:14:14,533 [INFO] ============================================================
2026-06-25 16:14:14,533 [INFO] Sincronizacao concluida.
2026-06-25 16:14:14,533 [INFO] ============================================================
2026-06-25 16:14:55,977 [INFO] ============================================================
2026-06-25 16:14:55,978 [INFO] Pauta de Audiencias — 25/06/2026 16:14
2026-06-25 16:14:55,979 [INFO] Projuris ADV: https://service.projurisadv.com.br
2026-06-25 16:14:55,979 [INFO] Supabase: https://yleofidqkimeanpuothv.supabase.co
2026-06-25 16:14:55,980 [INFO] Periodo: 2026-06-01 -> 2026-06-30
2026-06-25 16:14:55,980 [INFO] ============================================================
2026-06-25 16:14:55,980 [INFO] Calendario: 2026-06-01 -> 2026-06-30
2026-06-25 16:14:56,235 [INFO] Iniciando login Projuris ADV via browser (Playwright)…
2026-06-25 16:15:03,068 [INFO] Usuário preenchido: controladoria@falaw.com.br
2026-06-25 16:15:03,171 [INFO] Senha preenchida.
2026-06-25 16:15:03,370 [INFO] Formulário submetido.
2026-06-25 16:15:04,826 [INFO] Login OK — URL: https://app.projurisadv.com.br/?session_state=41f434bb-d5f1-44e9-aa34-5b98c1235727&iss=https%3A%2F%2Flogin.projurisadv.com.br%2Frealms%2Fprojurisadv-realm&code=434c50a7-3665-480d-9b18-6c5df7dffed1.41f434bb-d5f1-44e9-aa34-5b98c1235727.4467be42-ba4b-4376-bfca-071a56b6df26
2026-06-25 16:15:05,208 [INFO] Bearer token capturado das requisições de rede.
2026-06-25 16:15:16,095 [INFO]   Retornou 84 itens
2026-06-25 16:15:16,098 [INFO] Calendario: 84 tarefas recebidas
2026-06-25 16:15:19,630 [INFO] Audiencias salvas no Supabase (pauta_audiencias): 84
2026-06-25 16:15:19,630 [INFO] ============================================================
2026-06-25 16:15:19,630 [INFO] Sincronizacao concluida.
2026-06-25 16:15:19,631 [INFO] ============================================================
2026-06-30 19:34:09,152 [INFO] ============================================================
2026-06-30 19:34:09,153 [INFO] Pauta de Audiencias — 30/06/2026 19:34
2026-06-30 19:34:09,154 [INFO] Projuris ADV: https://service.projurisadv.com.br
2026-06-30 19:34:09,154 [INFO] Supabase: https://yleofidqkimeanpuothv.supabase.co
2026-06-30 19:34:09,154 [INFO] Periodo: 2026-06-30 -> 2027-06-30
2026-06-30 19:34:09,154 [INFO] ============================================================
2026-06-30 19:34:09,154 [INFO] Calendario: 2026-06-30 -> 2027-06-30
2026-06-30 19:34:09,744 [INFO] Iniciando login Projuris ADV via browser (Playwright)…
2026-06-30 19:34:37,595 [INFO] Usuário preenchido: controladoria@falaw.com.br
2026-06-30 19:34:37,794 [INFO] Senha preenchida.
2026-06-30 19:34:37,995 [INFO] Formulário submetido.
2026-06-30 19:34:45,258 [INFO] Login OK — URL: https://app.projurisadv.com.br/?session_state=5e98a8a1-5cfe-4be1-86c8-2bf5681dec5d&iss=https%3A%2F%2Flogin.projurisadv.com.br%2Frealms%2Fprojurisadv-realm&code=2891a464-bbc4-4e3e-9a65-9478c06323ab.5e98a8a1-5cfe-4be1-86c8-2bf5681dec5d.4467be42-ba4b-4376-bfca-071a56b6df26
2026-06-30 19:34:45,625 [INFO] Bearer token capturado das requisições de rede.
2026-06-30 19:34:58,521 [INFO]   Retornou 215 itens
2026-06-30 19:34:58,563 [INFO] Calendario: 215 tarefas recebidas
2026-06-30 19:35:06,367 [INFO] Audiencias salvas no Supabase (pauta_audiencias): 215
2026-06-30 19:35:06,367 [INFO] ============================================================
2026-06-30 19:35:06,367 [INFO] Sincronizacao concluida.
2026-06-30 19:35:06,367 [INFO] ============================================================
2026-07-01 09:14:57,873 [INFO] ============================================================
2026-07-01 09:14:57,874 [INFO] Pauta de Audiencias — 01/07/2026 09:14
2026-07-01 09:14:57,875 [INFO] Projuris ADV: https://service.projurisadv.com.br
2026-07-01 09:14:57,875 [INFO] Supabase: https://yleofidqkimeanpuothv.supabase.co
2026-07-01 09:14:57,875 [INFO] Periodo: 2025-01-01 -> 2026-12-31
2026-07-01 09:14:57,875 [INFO] ============================================================
2026-07-01 09:14:57,876 [INFO] Calendario: 2025-01-01 -> 2026-12-31
2026-07-01 09:14:58,377 [INFO] Iniciando login Projuris ADV via browser (Playwright)…
2026-07-01 09:15:03,318 [ERROR] Task was destroyed but it is pending!
task: <Task pending name='Task-3' coro=<Connection.run.<locals>.init() running at C:\Users\manyc\Falaw\.venv\Lib\site-packages\playwright\_impl\_connection.py:310> wait_for=<Future pending cb=[Task.task_wakeup()]> cb=[ProtocolCallback.__init__.<locals>.cb() at C:\Users\manyc\Falaw\.venv\Lib\site-packages\playwright\_impl\_connection.py:230]>
2026-07-01 09:15:48,884 [INFO] ============================================================
2026-07-01 09:15:48,884 [INFO] Pauta de Audiencias — 01/07/2026 09:15
2026-07-01 09:15:48,888 [INFO] Projuris ADV: https://service.projurisadv.com.br
2026-07-01 09:15:48,888 [INFO] Supabase: https://yleofidqkimeanpuothv.supabase.co
2026-07-01 09:15:48,889 [INFO] Periodo: 2025-01-01 -> 2026-12-31
2026-07-01 09:15:48,889 [INFO] ============================================================
2026-07-01 09:15:48,889 [INFO] Calendario: 2025-01-01 -> 2026-12-31
2026-07-01 09:15:49,153 [INFO] Iniciando login Projuris ADV via browser (Playwright)…
2026-07-01 09:16:36,689 [INFO] Usuário preenchido: controladoria@falaw.com.br
2026-07-01 09:16:36,865 [INFO] Senha preenchida.
2026-07-01 09:16:37,287 [INFO] Formulário submetido.
2026-07-01 09:16:39,724 [INFO] Login OK — URL: https://app.projurisadv.com.br/?session_state=5e06e8d1-64e2-439d-96c2-cec680d6c85e&iss=https%3A%2F%2Flogin.projurisadv.com.br%2Frealms%2Fprojurisadv-realm&code=9390da2a-6b25-49dc-ba4b-5ea0be4debfc.5e06e8d1-64e2-439d-96c2-cec680d6c85e.4467be42-ba4b-4376-bfca-071a56b6df26
2026-07-01 09:16:40,064 [INFO] Bearer token capturado das requisições de rede.
2026-07-01 09:17:00,195 [INFO]   Retornou 2460 itens
2026-07-01 09:17:00,328 [INFO] Calendario: 2460 tarefas recebidas
2026-07-01 09:17:59,174 [INFO] Audiencias salvas no Supabase (pauta_audiencias): 2460
2026-07-01 09:17:59,175 [INFO] ============================================================
2026-07-01 09:17:59,175 [INFO] Sincronizacao concluida.
2026-07-01 09:17:59,175 [INFO] ============================================================
2026-07-01 13:30:04,858 [INFO] ============================================================
2026-07-01 13:30:04,859 [INFO] Pauta de Audiencias — 01/07/2026 13:30
2026-07-01 13:30:04,859 [INFO] Projuris ADV: https://service.projurisadv.com.br
2026-07-01 13:30:04,859 [INFO] Supabase: https://yleofidqkimeanpuothv.supabase.co
2026-07-01 13:30:04,859 [INFO] Periodo: 2026-07-01 -> 2027-07-01
2026-07-01 13:30:04,859 [INFO] ============================================================
2026-07-01 13:30:04,859 [INFO] Calendario: 2026-07-01 -> 2027-07-01
2026-07-01 13:30:05,212 [INFO] Iniciando login Projuris ADV via browser (Playwright)…
2026-07-01 14:25:00,695 [INFO] ============================================================
2026-07-01 14:25:00,696 [INFO] Pauta de Audiencias — 01/07/2026 14:25
2026-07-01 14:25:00,696 [INFO] Projuris ADV: https://service.projurisadv.com.br
2026-07-01 14:25:00,697 [INFO] Supabase: https://yleofidqkimeanpuothv.supabase.co
2026-07-01 14:25:00,697 [INFO] Periodo: 2026-01-01 -> 2026-12-31
2026-07-01 14:25:00,697 [INFO] ============================================================
2026-07-01 14:25:00,697 [INFO] Calendario: 2026-01-01 -> 2026-12-31
2026-07-01 14:25:01,380 [INFO] Iniciando login Projuris ADV via browser (Playwright)…
2026-07-01 14:25:23,671 [INFO] Usuário preenchido: controladoria@falaw.com.br
2026-07-01 14:25:23,824 [INFO] Senha preenchida.
2026-07-01 14:25:24,084 [INFO] Formulário submetido.
2026-07-01 14:25:26,837 [INFO] Login OK — URL: https://app.projurisadv.com.br/?session_state=156c4345-7e0e-437e-9f4f-38159f99482c&iss=https%3A%2F%2Flogin.projurisadv.com.br%2Frealms%2Fprojurisadv-realm&code=5751cb65-3289-40e4-8f9b-b4912fccfe8f.156c4345-7e0e-437e-9f4f-38159f99482c.4467be42-ba4b-4376-bfca-071a56b6df26
2026-07-01 14:25:27,273 [INFO] Bearer token capturado das requisições de rede.
2026-07-01 14:25:42,111 [INFO]   Retornou 673 itens
2026-07-01 14:25:42,115 [INFO] Calendario: 673 tarefas recebidas
2026-07-01 14:26:02,473 [INFO] Audiencias salvas no Supabase (pauta_audiencias): 673
2026-07-01 14:26:02,473 [INFO] ============================================================
2026-07-01 14:26:02,473 [INFO] Sincronizacao concluida.
2026-07-01 14:26:02,474 [INFO] ============================================================
2026-07-01 16:00:18,234 [INFO] Iniciando login Projuris ADV via browser (Playwright)…
2026-07-01 16:00:47,273 [INFO] Usuário preenchido: controladoria@falaw.com.br
2026-07-01 16:00:47,699 [INFO] Senha preenchida.
2026-07-01 16:00:48,310 [INFO] Formulário submetido.
2026-07-01 16:00:50,252 [INFO] Login OK — URL: https://app.projurisadv.com.br/?session_state=c0d0e0ca-8b0a-4d32-aed4-4d92da3f1c83&iss=https%3A%2F%2Flogin.projurisadv.com.br%2Frealms%2Fprojurisadv-realm&code=d5bd1b24-c273-402e-ab9a-f8a7f44b8ee8.c0d0e0ca-8b0a-4d32-aed4-4d92da3f1c83.4467be42-ba4b-4376-bfca-071a56b6df26
2026-07-01 16:00:50,668 [INFO] Bearer token capturado das requisições de rede.
2026-07-01 16:01:15,230 [INFO] Calendario: 2026-07-01 -> 2026-07-03
2026-07-01 16:01:15,231 [INFO] Iniciando login Projuris ADV via browser (Playwright)…
2026-07-01 16:01:26,993 [INFO] Usuário preenchido: controladoria@falaw.com.br
2026-07-01 16:01:27,121 [INFO] Senha preenchida.
2026-07-01 16:01:27,384 [INFO] Formulário submetido.
2026-07-01 16:01:29,407 [INFO] Login OK — URL: https://app.projurisadv.com.br/?session_state=76fa24e7-06e2-4935-b1e2-cc642cb2f99b&iss=https%3A%2F%2Flogin.projurisadv.com.br%2Frealms%2Fprojurisadv-realm&code=1319788f-64d5-4af7-ad29-f4c6569598c0.76fa24e7-06e2-4935-b1e2-cc642cb2f99b.4467be42-ba4b-4376-bfca-071a56b6df26
2026-07-01 16:01:29,809 [INFO] Bearer token capturado das requisições de rede.
2026-07-01 16:01:59,285 [INFO]   Retornou 10 itens
2026-07-01 16:04:56,270 [INFO] ============================================================
2026-07-01 16:04:56,277 [INFO] Pauta de Audiencias — 01/07/2026 16:04
2026-07-01 16:04:56,277 [INFO] Projuris ADV: https://service.projurisadv.com.br
2026-07-01 16:04:56,277 [INFO] Supabase: https://yleofidqkimeanpuothv.supabase.co
2026-07-01 16:04:56,278 [INFO] Periodo: 2026-01-01 -> 2026-12-31
2026-07-01 16:04:56,278 [INFO] ============================================================
2026-07-01 16:04:56,279 [INFO] Calendario: 2026-01-01 -> 2026-12-31
2026-07-01 16:04:56,892 [INFO] Iniciando login Projuris ADV via browser (Playwright)…
2026-07-01 16:05:24,606 [INFO] Usuário preenchido: controladoria@falaw.com.br
2026-07-01 16:05:24,793 [INFO] Senha preenchida.
2026-07-01 16:05:25,372 [INFO] Formulário submetido.
2026-07-01 16:05:26,630 [INFO] Login OK — URL: https://app.projurisadv.com.br/?session_state=dd87a7a8-d265-4472-bfce-838818709841&iss=https%3A%2F%2Flogin.projurisadv.com.br%2Frealms%2Fprojurisadv-realm&code=20e00b4c-ef43-4605-bc97-8dc92bad2737.dd87a7a8-d265-4472-bfce-838818709841.4467be42-ba4b-4376-bfca-071a56b6df26
2026-07-01 16:05:27,012 [INFO] Bearer token capturado das requisições de rede.
2026-07-01 16:05:37,424 [WARNING] Calendario falhou (401 Client Error: Unauthorized for url: https://service.projurisadv.com.br/adv-service/v2/tarefa/calendario/consulta-sem-paginacao) — usando endpoint paginado...
2026-07-01 16:05:37,425 [INFO]   Pagina 0 (https://service.projurisadv.com.br/adv-service/v2/tarefa/consulta-com-paginacao)
2026-07-01 16:05:38,384 [INFO]   Pagina 0 (https://service.projurisadv.com.br/adv-service/tarefa/consulta-com-paginacao)
2026-07-01 16:05:39,336 [INFO] Paginado: 0 tarefas recebidas
2026-07-01 16:05:40,188 [INFO] Nenhuma audiencia encontrada no periodo.
2026-07-01 16:06:11,482 [INFO] ============================================================
2026-07-01 16:06:11,483 [INFO] Pauta de Audiencias — 01/07/2026 16:06
2026-07-01 16:06:11,484 [INFO] Projuris ADV: https://service.projurisadv.com.br
2026-07-01 16:06:11,484 [INFO] Supabase: https://yleofidqkimeanpuothv.supabase.co
2026-07-01 16:06:11,484 [INFO] Periodo: 2026-01-01 -> 2026-12-31
2026-07-01 16:06:11,485 [INFO] ============================================================
2026-07-01 16:06:11,485 [INFO] Calendario: 2026-01-01 -> 2026-12-31
2026-07-01 16:06:11,781 [INFO] Iniciando login Projuris ADV via browser (Playwright)…
2026-07-01 16:06:19,761 [INFO] Usuário preenchido: controladoria@falaw.com.br
2026-07-01 16:06:19,980 [INFO] Senha preenchida.
2026-07-01 16:06:20,313 [INFO] Formulário submetido.
2026-07-01 16:06:21,923 [INFO] Login OK — URL: https://app.projurisadv.com.br/?session_state=c7ba66a2-0611-41b0-ba7e-4c8f2f8a7e83&iss=https%3A%2F%2Flogin.projurisadv.com.br%2Frealms%2Fprojurisadv-realm&code=0a63710a-cd53-4625-9053-ec3f54615893.c7ba66a2-0611-41b0-ba7e-4c8f2f8a7e83.4467be42-ba4b-4376-bfca-071a56b6df26
2026-07-01 16:06:22,320 [INFO] Bearer token capturado das requisições de rede.
2026-07-01 16:06:37,796 [INFO]   Retornou 675 itens
2026-07-01 16:06:37,800 [INFO] Calendario: 675 tarefas recebidas
2026-07-01 16:06:57,732 [INFO] Audiencias salvas no Supabase (pauta_audiencias): 675
2026-07-01 16:06:57,732 [INFO] ============================================================
2026-07-01 16:06:57,732 [INFO] Sincronizacao concluida.
2026-07-01 16:06:57,732 [INFO] ============================================================
2026-07-01 16:43:41,985 [INFO] ============================================================
2026-07-01 16:43:41,990 [INFO] Pauta de Audiencias — 01/07/2026 16:43
2026-07-01 16:43:41,999 [INFO] Projuris ADV: https://service.projurisadv.com.br
2026-07-01 16:43:42,010 [INFO] Supabase: https://yleofidqkimeanpuothv.supabase.co
2026-07-01 16:43:42,012 [INFO] Periodo: 2026-01-01 -> 2026-12-31
2026-07-01 16:43:42,021 [INFO] ============================================================
2026-07-01 16:43:42,023 [INFO] Calendario: 2026-01-01 -> 2026-12-31
2026-07-01 16:43:43,062 [INFO] Iniciando login Projuris ADV via browser (Playwright)…
2026-07-01 16:44:04,921 [INFO] Usuário preenchido: controladoria@falaw.com.br
2026-07-01 16:44:05,119 [INFO] Senha preenchida.
2026-07-01 16:44:05,709 [INFO] Formulário submetido.
2026-07-01 16:44:07,331 [INFO] Login OK — URL: https://app.projurisadv.com.br/?session_state=9755100b-cb8e-49ee-b600-34bcf431de05&iss=https%3A%2F%2Flogin.projurisadv.com.br%2Frealms%2Fprojurisadv-realm&code=c7f790c1-65a8-46e7-8ce4-9693dcd2bab5.9755100b-cb8e-49ee-b600-34bcf431de05.4467be42-ba4b-4376-bfca-071a56b6df26
2026-07-01 16:44:09,324 [INFO] Bearer token capturado das requisições de rede.
2026-07-01 16:44:21,063 [INFO]   Retornou 675 itens
2026-07-01 16:44:21,066 [INFO] Calendario: 675 tarefas recebidas
2026-07-01 16:44:38,931 [INFO] Audiencias salvas no Supabase (pauta_audiencias): 675
2026-07-01 16:44:38,931 [INFO] ============================================================
2026-07-01 16:44:38,932 [INFO] Sincronizacao concluida.
2026-07-01 16:44:38,933 [INFO] ============================================================
2026-07-01 19:30:04,767 [INFO] ============================================================
2026-07-01 19:30:04,768 [INFO] Pauta de Audiencias — 01/07/2026 19:30
2026-07-01 19:30:04,768 [INFO] Projuris ADV: https://service.projurisadv.com.br
2026-07-01 19:30:04,769 [INFO] Supabase: https://yleofidqkimeanpuothv.supabase.co
2026-07-01 19:30:04,769 [INFO] Periodo: 2026-07-01 -> 2027-07-01
2026-07-01 19:30:04,769 [INFO] ============================================================
2026-07-01 19:30:04,769 [INFO] Calendario: 2026-07-01 -> 2027-07-01
2026-07-01 19:30:05,115 [INFO] Iniciando login Projuris ADV via browser (Playwright)…
2026-07-01 19:30:24,060 [INFO] Usuário preenchido: controladoria@falaw.com.br
2026-07-01 19:30:24,166 [INFO] Senha preenchida.
2026-07-01 19:30:24,437 [INFO] Formulário submetido.
2026-07-01 19:30:26,640 [INFO] Login OK — URL: https://app.projurisadv.com.br/?session_state=29c4a831-6689-4904-b998-603ebffb6e6f&iss=https%3A%2F%2Flogin.projurisadv.com.br%2Frealms%2Fprojurisadv-realm&code=1af62750-d4c7-48c9-89fe-4d28be0eb376.29c4a831-6689-4904-b998-603ebffb6e6f.4467be42-ba4b-4376-bfca-071a56b6df26
2026-07-01 19:30:28,305 [INFO] Bearer token capturado das requisições de rede.
2026-07-01 19:30:37,958 [INFO]   Retornou 213 itens
2026-07-01 19:30:37,961 [INFO] Calendario: 213 tarefas recebidas
2026-07-01 19:30:44,407 [INFO] Audiencias salvas no Supabase (pauta_audiencias): 213
2026-07-01 19:30:44,407 [INFO] ============================================================
2026-07-01 19:30:44,407 [INFO] Sincronizacao concluida.
2026-07-01 19:30:44,407 [INFO] ============================================================
2026-07-02 13:30:04,448 [INFO] ============================================================
2026-07-02 13:30:04,449 [INFO] Pauta de Audiencias — 02/07/2026 13:30
2026-07-02 13:30:04,449 [INFO] Projuris ADV: https://service.projurisadv.com.br
2026-07-02 13:30:04,449 [INFO] Supabase: https://yleofidqkimeanpuothv.supabase.co
2026-07-02 13:30:04,449 [INFO] Periodo: 2026-07-02 -> 2027-07-02
2026-07-02 13:30:04,449 [INFO] ============================================================
2026-07-02 13:30:04,449 [INFO] Calendario: 2026-07-02 -> 2027-07-02
2026-07-02 13:30:04,886 [INFO] Iniciando login Projuris ADV via browser (Playwright)…
2026-07-02 13:30:27,120 [INFO] Usuário preenchido: controladoria@falaw.com.br
2026-07-02 13:30:27,226 [INFO] Senha preenchida.
2026-07-02 13:30:27,543 [INFO] Formulário submetido.
2026-07-02 13:30:29,864 [INFO] Login OK — URL: https://app.projurisadv.com.br/?session_state=c1f085a0-a077-4f2d-ae37-b87bf00691e7&iss=https%3A%2F%2Flogin.projurisadv.com.br%2Frealms%2Fprojurisadv-realm&code=39b7ae44-1b01-4ecc-a942-1c9c0cb909fe.c1f085a0-a077-4f2d-ae37-b87bf00691e7.4467be42-ba4b-4376-bfca-071a56b6df26
2026-07-02 13:30:31,792 [INFO] Bearer token capturado das requisições de rede.
2026-07-02 13:30:42,204 [INFO]   Retornou 212 itens
2026-07-02 13:30:42,665 [INFO] Calendario: 212 tarefas recebidas
2026-07-02 13:30:58,132 [WARNING] Feriados indisponiveis: HTTPSConnectionPool(host='service.projurisadv.com.br', port=443): Read timed out. (read timeout=15)
2026-07-02 13:31:03,863 [INFO] Audiencias salvas no Supabase (pauta_audiencias): 212
2026-07-02 13:31:03,863 [INFO] ============================================================
2026-07-02 13:31:03,864 [INFO] Sincronizacao concluida.
2026-07-02 13:31:03,864 [INFO] ============================================================
2026-07-03 13:36:03,958 [INFO] ============================================================
2026-07-03 13:36:03,993 [INFO] Pauta de Audiencias — 03/07/2026 13:36
2026-07-03 13:36:03,993 [INFO] Projuris ADV: https://service.projurisadv.com.br
2026-07-03 13:36:03,993 [INFO] Supabase: https://yleofidqkimeanpuothv.supabase.co
2026-07-03 13:36:03,993 [INFO] Periodo: 2026-07-03 -> 2027-07-03
2026-07-03 13:36:03,993 [INFO] ============================================================
2026-07-03 13:36:03,993 [INFO] Calendario: 2026-07-03 -> 2027-07-03
2026-07-03 13:36:04,971 [INFO] Iniciando login Projuris ADV via browser (Playwright)…
2026-07-07 19:30:04,846 [INFO] ============================================================
2026-07-07 19:30:04,847 [INFO] Pauta de Audiencias — 07/07/2026 19:30
2026-07-07 19:30:04,847 [INFO] Projuris ADV: https://service.projurisadv.com.br
2026-07-07 19:30:04,848 [INFO] Supabase: https://yleofidqkimeanpuothv.supabase.co
2026-07-07 19:30:04,848 [INFO] Periodo: 2026-07-07 -> 2027-07-07
2026-07-07 19:30:04,848 [INFO] ============================================================
2026-07-07 19:30:04,848 [INFO] Calendario: 2026-07-07 -> 2027-07-07
2026-07-07 19:30:05,308 [INFO] Iniciando login Projuris ADV via browser (Playwright)…
2026-07-07 19:30:31,847 [INFO] Usuário preenchido: controladoria@falaw.com.br
2026-07-07 19:30:31,930 [INFO] Senha preenchida.
2026-07-07 19:30:32,139 [INFO] Formulário submetido.
2026-07-07 19:30:33,778 [INFO] Login OK — URL: https://app.projurisadv.com.br/?session_state=90e51539-e2fa-441e-b268-80e90db3e960&iss=https%3A%2F%2Flogin.projurisadv.com.br%2Frealms%2Fprojurisadv-realm&code=7b0cd180-7d11-498e-b46b-fb21a23c1b10.90e51539-e2fa-441e-b268-80e90db3e960.4467be42-ba4b-4376-bfca-071a56b6df26
2026-07-07 19:30:34,139 [INFO] Bearer token capturado das requisições de rede.
2026-07-07 19:30:44,925 [INFO]   Retornou 221 itens
2026-07-07 19:30:44,928 [INFO] Calendario: 221 tarefas recebidas
2026-07-07 19:30:50,193 [INFO] Audiencias salvas no Supabase (pauta_audiencias): 221
2026-07-07 19:30:50,194 [INFO] ============================================================
2026-07-07 19:30:50,194 [INFO] Sincronizacao concluida.
2026-07-07 19:30:50,195 [INFO] ============================================================
2026-07-08 13:30:04,744 [INFO] ============================================================
2026-07-08 13:30:04,745 [INFO] Pauta de Audiencias — 08/07/2026 13:30
2026-07-08 13:30:04,745 [INFO] Projuris ADV: https://service.projurisadv.com.br
2026-07-08 13:30:04,745 [INFO] Supabase: https://yleofidqkimeanpuothv.supabase.co
2026-07-08 13:30:04,746 [INFO] Periodo: 2026-07-08 -> 2027-07-08
2026-07-08 13:30:04,746 [INFO] ============================================================
2026-07-08 13:30:04,746 [INFO] Calendario: 2026-07-08 -> 2027-07-08
2026-07-08 13:30:05,243 [INFO] Iniciando login Projuris ADV via browser (Playwright)…
2026-07-08 13:30:37,499 [INFO] Usuário preenchido: controladoria@falaw.com.br
2026-07-08 13:30:37,822 [INFO] Senha preenchida.
2026-07-08 13:30:38,300 [INFO] Formulário submetido.
2026-07-08 13:30:40,631 [INFO] Login OK — URL: https://app.projurisadv.com.br/?session_state=7136d93e-3e14-40ce-b91b-065e699e54ce&iss=https%3A%2F%2Flogin.projurisadv.com.br%2Frealms%2Fprojurisadv-realm&code=303a6bdd-5436-48f0-9669-f079094dd37e.7136d93e-3e14-40ce-b91b-065e699e54ce.4467be42-ba4b-4376-bfca-071a56b6df26
2026-07-08 13:30:40,787 [INFO] Bearer token capturado das requisições de rede.
2026-07-08 13:30:54,747 [INFO]   Retornou 220 itens
2026-07-08 13:30:54,747 [INFO] Calendario: 220 tarefas recebidas
2026-07-08 13:31:01,897 [INFO] Audiencias salvas no Supabase (pauta_audiencias): 220
2026-07-08 13:31:01,897 [INFO] ============================================================
2026-07-08 13:31:01,898 [INFO] Sincronizacao concluida.
2026-07-08 13:31:01,898 [INFO] ============================================================
2026-07-10 13:30:05,926 [INFO] ============================================================
2026-07-10 13:30:05,927 [INFO] Pauta de Audiencias — 10/07/2026 13:30
2026-07-10 13:30:05,928 [INFO] Projuris ADV: https://service.projurisadv.com.br
2026-07-10 13:30:05,928 [INFO] Supabase: https://yleofidqkimeanpuothv.supabase.co
2026-07-10 13:30:05,928 [INFO] Periodo: 2026-07-10 -> 2027-07-10
2026-07-10 13:30:05,928 [INFO] ============================================================
2026-07-10 13:30:05,928 [INFO] Calendario: 2026-07-10 -> 2027-07-10
2026-07-10 13:30:06,479 [INFO] Iniciando login Projuris ADV via browser (Playwright)…
2026-07-10 13:30:37,716 [INFO] Usuário preenchido: controladoria@falaw.com.br
2026-07-10 13:30:37,864 [INFO] Senha preenchida.
2026-07-10 13:30:38,122 [INFO] Formulário submetido.
2026-07-10 13:30:41,066 [INFO] Login OK — URL: https://app.projurisadv.com.br/?session_state=167c88f5-7d8e-45eb-b4be-a5a41a6a7236&iss=https%3A%2F%2Flogin.projurisadv.com.br%2Frealms%2Fprojurisadv-realm&code=410fb707-3395-4dbd-a5a3-60c0ec671e7a.167c88f5-7d8e-45eb-b4be-a5a41a6a7236.4467be42-ba4b-4376-bfca-071a56b6df26
2026-07-10 13:30:41,344 [INFO] Bearer token capturado das requisições de rede.
2026-07-10 13:30:52,623 [INFO]   Retornou 217 itens
2026-07-10 13:30:52,625 [INFO] Calendario: 217 tarefas recebidas
2026-07-10 13:31:00,067 [INFO] Audiencias salvas no Supabase (pauta_audiencias): 217
2026-07-10 13:31:00,067 [INFO] ============================================================
2026-07-10 13:31:00,067 [INFO] Sincronizacao concluida.
2026-07-10 13:31:00,067 [INFO] ============================================================
2026-07-10 19:30:04,500 [INFO] ============================================================
2026-07-10 19:30:04,501 [INFO] Pauta de Audiencias — 10/07/2026 19:30
2026-07-10 19:30:04,501 [INFO] Projuris ADV: https://service.projurisadv.com.br
2026-07-10 19:30:04,501 [INFO] Supabase: https://yleofidqkimeanpuothv.supabase.co
2026-07-10 19:30:04,502 [INFO] Periodo: 2026-07-10 -> 2027-07-10
2026-07-10 19:30:04,502 [INFO] ============================================================
2026-07-10 19:30:04,502 [INFO] Calendario: 2026-07-10 -> 2027-07-10
2026-07-10 19:30:04,916 [INFO] Iniciando login Projuris ADV via browser (Playwright)…
2026-07-12 13:30:04,377 [INFO] ============================================================
2026-07-12 13:30:04,378 [INFO] Pauta de Audiencias — 12/07/2026 13:30
2026-07-12 13:30:04,378 [INFO] Projuris ADV: https://service.projurisadv.com.br
2026-07-12 13:30:04,379 [INFO] Supabase: https://yleofidqkimeanpuothv.supabase.co
2026-07-12 13:30:04,379 [INFO] Periodo: 2026-07-12 -> 2027-07-12
2026-07-12 13:30:04,379 [INFO] ============================================================
2026-07-12 13:30:04,379 [INFO] Calendario: 2026-07-12 -> 2027-07-12
2026-07-12 13:30:04,720 [INFO] Iniciando login Projuris ADV via browser (Playwright)…
2026-07-12 13:30:27,585 [INFO] Usuário preenchido: controladoria@falaw.com.br
2026-07-12 13:30:27,687 [INFO] Senha preenchida.
2026-07-12 13:30:27,928 [INFO] Formulário submetido.
2026-07-12 13:30:29,383 [INFO] Login OK — URL: https://app.projurisadv.com.br/?session_state=b4a4912a-96dd-4145-ab31-9b53f0334824&iss=https%3A%2F%2Flogin.projurisadv.com.br%2Frealms%2Fprojurisadv-realm&code=ff865acf-1563-4a11-9f06-ac5929eee5ea.b4a4912a-96dd-4145-ab31-9b53f0334824.4467be42-ba4b-4376-bfca-071a56b6df26
2026-07-12 13:30:30,795 [INFO] Bearer token capturado das requisições de rede.
2026-07-12 13:30:42,406 [INFO]   Retornou 214 itens
2026-07-12 13:30:42,410 [INFO] Calendario: 214 tarefas recebidas
2026-07-12 13:30:49,099 [INFO] Audiencias salvas no Supabase (pauta_audiencias): 214
2026-07-12 13:30:49,100 [INFO] ============================================================
2026-07-12 13:30:49,100 [INFO] Sincronizacao concluida.
2026-07-12 13:30:49,100 [INFO] ============================================================
2026-07-13 13:36:58,880 [INFO] ============================================================
2026-07-13 13:36:58,881 [INFO] Pauta de Audiencias — 13/07/2026 13:36
2026-07-13 13:36:58,881 [INFO] Projuris ADV: https://service.projurisadv.com.br
2026-07-13 13:36:58,881 [INFO] Supabase: https://yleofidqkimeanpuothv.supabase.co
2026-07-13 13:36:58,883 [INFO] Periodo: 2026-07-13 -> 2027-07-13
2026-07-13 13:36:58,883 [INFO] ============================================================
2026-07-13 13:36:58,883 [INFO] Calendario: 2026-07-13 -> 2027-07-13
2026-07-13 13:36:59,630 [INFO] Iniciando login Projuris ADV via browser (Playwright)…
2026-07-13 13:37:51,093 [INFO] Usuário preenchido: controladoria@falaw.com.br
2026-07-13 13:37:51,122 [INFO] Senha preenchida.
2026-07-13 13:37:51,276 [INFO] Formulário submetido.
2026-07-13 13:37:54,474 [INFO] Login OK — URL: https://app.projurisadv.com.br/?session_state=5c9acda4-709b-457b-b833-f8018feaac87&iss=https%3A%2F%2Flogin.projurisadv.com.br%2Frealms%2Fprojurisadv-realm&code=cc372bf0-7b85-4ce1-9bd3-1ff68e2ed849.5c9acda4-709b-457b-b833-f8018feaac87.4467be42-ba4b-4376-bfca-071a56b6df26
2026-07-13 13:37:54,765 [INFO] Bearer token capturado das requisições de rede.
2026-07-13 13:38:06,709 [INFO]   Retornou 218 itens
2026-07-13 13:38:06,710 [INFO] Calendario: 218 tarefas recebidas
2026-07-13 13:38:14,768 [INFO] Audiencias salvas no Supabase (pauta_audiencias): 218
2026-07-13 13:38:14,768 [INFO] ============================================================
2026-07-13 13:38:14,768 [INFO] Sincronizacao concluida.
2026-07-13 13:38:14,768 [INFO] ============================================================
2026-07-14 13:30:05,206 [INFO] ============================================================
2026-07-14 13:30:05,207 [INFO] Pauta de Audiencias — 14/07/2026 13:30
2026-07-14 13:30:05,207 [INFO] Projuris ADV: https://service.projurisadv.com.br
2026-07-14 13:30:05,207 [INFO] Supabase: https://yleofidqkimeanpuothv.supabase.co
2026-07-14 13:30:05,207 [INFO] Periodo: 2026-07-14 -> 2027-07-14
2026-07-14 13:30:05,207 [INFO] ============================================================
2026-07-14 13:30:05,208 [INFO] Calendario: 2026-07-14 -> 2027-07-14
2026-07-14 13:30:05,613 [INFO] Iniciando login Projuris ADV via browser (Playwright)…
2026-07-14 13:30:29,303 [INFO] Usuário preenchido: controladoria@falaw.com.br
2026-07-14 13:30:29,404 [INFO] Senha preenchida.
2026-07-14 13:30:29,645 [INFO] Formulário submetido.
2026-07-14 13:30:31,265 [INFO] Login OK — URL: https://app.projurisadv.com.br/?session_state=3e56f799-c28b-4139-b28a-5dc751396c34&iss=https%3A%2F%2Flogin.projurisadv.com.br%2Frealms%2Fprojurisadv-realm&code=4f245389-7f49-4146-82b5-b719633f784b.3e56f799-c28b-4139-b28a-5dc751396c34.4467be42-ba4b-4376-bfca-071a56b6df26
2026-07-14 13:30:32,637 [INFO] Bearer token capturado das requisições de rede.
2026-07-14 13:30:41,636 [INFO]   Retornou 221 itens
2026-07-14 13:30:41,636 [INFO] Calendario: 221 tarefas recebidas
2026-07-14 13:30:49,266 [INFO] Audiencias salvas no Supabase (pauta_audiencias): 221
2026-07-14 13:30:49,266 [INFO] ============================================================
2026-07-14 13:30:49,266 [INFO] Sincronizacao concluida.
2026-07-14 13:30:49,266 [INFO] ============================================================
2026-07-14 19:30:06,335 [INFO] ============================================================
2026-07-14 19:30:06,336 [INFO] Pauta de Audiencias — 14/07/2026 19:30
2026-07-14 19:30:06,336 [INFO] Projuris ADV: https://service.projurisadv.com.br
2026-07-14 19:30:06,336 [INFO] Supabase: https://yleofidqkimeanpuothv.supabase.co
2026-07-14 19:30:06,336 [INFO] Periodo: 2026-07-14 -> 2027-07-14
2026-07-14 19:30:06,336 [INFO] ============================================================
2026-07-14 19:30:06,336 [INFO] Calendario: 2026-07-14 -> 2027-07-14
2026-07-14 19:30:06,766 [INFO] Iniciando login Projuris ADV via browser (Playwright)…
2026-07-14 19:30:33,601 [INFO] Usuário preenchido: controladoria@falaw.com.br
2026-07-14 19:30:33,729 [INFO] Senha preenchida.
2026-07-14 19:30:34,025 [INFO] Formulário submetido.
2026-07-14 19:30:35,487 [INFO] Login OK — URL: https://app.projurisadv.com.br/?session_state=68cd90b7-fc74-4fac-8379-87560de21053&iss=https%3A%2F%2Flogin.projurisadv.com.br%2Frealms%2Fprojurisadv-realm&code=af9af211-42c1-4958-911c-97197c654d3a.68cd90b7-fc74-4fac-8379-87560de21053.4467be42-ba4b-4376-bfca-071a56b6df26
2026-07-14 19:30:35,850 [INFO] Bearer token capturado das requisições de rede.
2026-07-14 19:30:46,768 [INFO]   Retornou 221 itens
2026-07-14 19:30:46,768 [INFO] Calendario: 221 tarefas recebidas
2026-07-14 19:30:54,233 [INFO] Audiencias salvas no Supabase (pauta_audiencias): 221
2026-07-14 19:30:54,233 [INFO] ============================================================
2026-07-14 19:30:54,233 [INFO] Sincronizacao concluida.
2026-07-14 19:30:54,233 [INFO] ============================================================
2026-07-15 13:30:06,557 [INFO] ============================================================
2026-07-15 13:30:06,558 [INFO] Pauta de Audiencias — 15/07/2026 13:30
2026-07-15 13:30:06,558 [INFO] Projuris ADV: https://service.projurisadv.com.br
2026-07-15 13:30:06,558 [INFO] Supabase: https://yleofidqkimeanpuothv.supabase.co
2026-07-15 13:30:06,558 [INFO] Periodo: 2026-07-15 -> 2027-07-15
2026-07-15 13:30:06,558 [INFO] ============================================================
2026-07-15 13:30:06,558 [INFO] Calendario: 2026-07-15 -> 2027-07-15
2026-07-15 13:30:07,424 [INFO] Iniciando login Projuris ADV via browser (Playwright)…
2026-07-15 13:30:39,432 [INFO] Usuário preenchido: controladoria@falaw.com.br
2026-07-15 13:30:39,542 [INFO] Senha preenchida.
2026-07-15 13:30:39,899 [INFO] Formulário submetido.
2026-07-15 13:30:41,537 [INFO] Login OK — URL: https://app.projurisadv.com.br/?session_state=a577b41c-48db-4883-861e-0ff01a22d365&iss=https%3A%2F%2Flogin.projurisadv.com.br%2Frealms%2Fprojurisadv-realm&code=b5b453c1-a650-4cf1-851e-a40439103eb5.a577b41c-48db-4883-861e-0ff01a22d365.4467be42-ba4b-4376-bfca-071a56b6df26
2026-07-15 13:30:41,946 [INFO] Bearer token capturado das requisições de rede.
2026-07-15 13:30:54,212 [INFO]   Retornou 227 itens
2026-07-15 13:30:54,387 [INFO] Calendario: 227 tarefas recebidas
2026-07-15 13:31:01,296 [INFO] Audiencias salvas no Supabase (pauta_audiencias): 227
2026-07-15 13:31:01,296 [INFO] ============================================================
2026-07-15 13:31:01,296 [INFO] Sincronizacao concluida.
2026-07-15 13:31:01,296 [INFO] ============================================================
2026-07-16 19:30:05,329 [INFO] ============================================================
2026-07-16 19:30:05,330 [INFO] Pauta de Audiencias — 16/07/2026 19:30
2026-07-16 19:30:05,330 [INFO] Projuris ADV: https://service.projurisadv.com.br
2026-07-16 19:30:05,330 [INFO] Supabase: https://yleofidqkimeanpuothv.supabase.co
2026-07-16 19:30:05,330 [INFO] Periodo: 2026-07-16 -> 2027-07-16
2026-07-16 19:30:05,330 [INFO] ============================================================
2026-07-16 19:30:05,330 [INFO] Calendario: 2026-07-16 -> 2027-07-16
2026-07-16 19:30:05,773 [INFO] Iniciando login Projuris ADV via browser (Playwright)…
2026-07-16 19:30:29,852 [INFO] Usuário preenchido: controladoria@falaw.com.br
2026-07-16 19:30:29,969 [INFO] Senha preenchida.
2026-07-16 19:30:30,208 [INFO] Formulário submetido.
2026-07-16 19:30:31,887 [INFO] Login OK — URL: https://app.projurisadv.com.br/?session_state=a4a8253c-0362-4071-87ed-1100c001efa6&iss=https%3A%2F%2Flogin.projurisadv.com.br%2Frealms%2Fprojurisadv-realm&code=fc103a07-4b7c-4296-a476-63f8f2027d50.a4a8253c-0362-4071-87ed-1100c001efa6.4467be42-ba4b-4376-bfca-071a56b6df26
2026-07-16 19:30:33,634 [INFO] Bearer token capturado das requisições de rede.
2026-07-16 19:31:05,656 [INFO]   Retornou 222 itens
2026-07-16 19:31:05,798 [INFO] Calendario: 222 tarefas recebidas
2026-07-16 19:31:12,299 [INFO] Audiencias salvas no Supabase (pauta_audiencias): 222
2026-07-16 19:31:13,880 [INFO] Reconciliacao: 4 audiencia(s) marcadas como cancelada(s)
2026-07-16 19:31:14,556 [WARNING] pauta_sync_log 404: {"code":"PGRST205","details":null,"hint":"Perhaps you meant the table 'public.sync_log'","message":"Could not find the table 'public.pauta_sync_log' in the schema cache"}
2026-07-16 19:31:14,559 [INFO] ============================================================
2026-07-16 19:31:14,559 [INFO] Sincronizacao concluida.
2026-07-16 19:31:14,559 [INFO] ============================================================
2026-07-19 19:30:05,542 [INFO] ============================================================
2026-07-19 19:30:05,543 [INFO] Pauta de Audiencias — 19/07/2026 19:30
2026-07-19 19:30:05,543 [INFO] Projuris ADV: https://service.projurisadv.com.br
2026-07-19 19:30:05,543 [INFO] Supabase: https://yleofidqkimeanpuothv.supabase.co
2026-07-19 19:30:05,543 [INFO] Periodo: 2026-07-19 -> 2027-07-19
2026-07-19 19:30:05,543 [INFO] ============================================================
2026-07-19 19:30:05,544 [INFO] Calendario: 2026-07-19 -> 2027-07-19
2026-07-19 19:30:06,125 [INFO] Iniciando login Projuris ADV via browser (Playwright)…
2026-07-19 19:30:33,939 [INFO] Usuário preenchido: controladoria@falaw.com.br
2026-07-19 19:30:34,058 [INFO] Senha preenchida.
2026-07-19 19:30:34,311 [INFO] Formulário submetido.
2026-07-19 19:30:36,292 [INFO] Login OK — URL: https://app.projurisadv.com.br/?session_state=ff2574d3-2665-4325-a187-b0a68ce54636&iss=https%3A%2F%2Flogin.projurisadv.com.br%2Frealms%2Fprojurisadv-realm&code=889866b2-189c-4cf3-ad14-d5ae5eb2bf68.ff2574d3-2665-4325-a187-b0a68ce54636.4467be42-ba4b-4376-bfca-071a56b6df26
2026-07-19 19:30:37,795 [INFO] Bearer token capturado das requisições de rede.
2026-07-19 19:30:47,421 [INFO]   Retornou 219 itens
2026-07-19 19:30:47,424 [INFO] Calendario: 219 tarefas recebidas
2026-07-19 19:30:54,240 [INFO] Audiencias salvas no Supabase (pauta_audiencias): 219
2026-07-19 19:30:55,796 [INFO] Reconciliacao: 4 audiencia(s) marcadas como cancelada(s)
2026-07-19 19:30:56,422 [WARNING] pauta_sync_log 404: {"code":"PGRST205","details":null,"hint":"Perhaps you meant the table 'public.sync_log'","message":"Could not find the table 'public.pauta_sync_log' in the schema cache"}
2026-07-19 19:30:56,424 [INFO] ============================================================
2026-07-19 19:30:56,424 [INFO] Sincronizacao concluida.
2026-07-19 19:30:56,425 [INFO] ============================================================
2026-07-20 19:30:04,352 [INFO] ============================================================
2026-07-20 19:30:04,353 [INFO] Pauta de Audiencias — 20/07/2026 19:30
2026-07-20 19:30:04,353 [INFO] Projuris ADV: https://service.projurisadv.com.br
2026-07-20 19:30:04,353 [INFO] Supabase: https://yleofidqkimeanpuothv.supabase.co
2026-07-20 19:30:04,353 [INFO] Periodo: 2026-07-20 -> 2027-07-20
2026-07-20 19:30:04,354 [INFO] ============================================================
2026-07-20 19:30:04,354 [INFO] Calendario: 2026-07-20 -> 2027-07-20
2026-07-20 19:30:04,715 [INFO] Iniciando login Projuris ADV via browser (Playwright)…
2026-07-20 19:30:28,060 [INFO] Usuário preenchido: controladoria@falaw.com.br
2026-07-20 19:30:28,169 [INFO] Senha preenchida.
2026-07-20 19:30:28,484 [INFO] Formulário submetido.
2026-07-20 19:30:30,153 [INFO] Login OK — URL: https://app.projurisadv.com.br/?session_state=a29d6af9-786b-434d-a1ca-0c674ae12625&iss=https%3A%2F%2Flogin.projurisadv.com.br%2Frealms%2Fprojurisadv-realm&code=0a78bfa4-7950-4643-90fe-6309418cd42d.a29d6af9-786b-434d-a1ca-0c674ae12625.4467be42-ba4b-4376-bfca-071a56b6df26
2026-07-20 19:30:30,547 [INFO] Bearer token capturado das requisições de rede.
2026-07-20 19:30:40,697 [INFO]   Retornou 227 itens
2026-07-20 19:30:40,699 [INFO] Calendario: 227 tarefas recebidas
2026-07-20 19:30:58,803 [INFO] Audiencias salvas no Supabase (pauta_audiencias): 227
2026-07-20 19:31:05,062 [INFO] Reconciliacao: 208 audiencia(s) marcadas como cancelada(s)
2026-07-20 19:31:05,959 [WARNING] pauta_sync_log 404: {"code":"PGRST205","details":null,"hint":"Perhaps you meant the table 'public.sync_log'","message":"Could not find the table 'public.pauta_sync_log' in the schema cache"}
2026-07-20 19:31:05,962 [INFO] ============================================================
2026-07-20 19:31:05,962 [INFO] Sincronizacao concluida.
2026-07-20 19:31:05,962 [INFO] ============================================================
2026-07-21 07:30:05,456 [INFO] ============================================================
2026-07-21 07:30:05,457 [INFO] Pauta de Audiencias — 21/07/2026 07:30
2026-07-21 07:30:05,457 [INFO] Projuris ADV: https://service.projurisadv.com.br
2026-07-21 07:30:05,457 [INFO] Supabase: https://yleofidqkimeanpuothv.supabase.co
2026-07-21 07:30:05,457 [INFO] Periodo: 2026-07-21 -> 2027-07-21
2026-07-21 07:30:05,457 [INFO] ============================================================
2026-07-21 07:30:05,458 [INFO] Calendario: 2026-07-21 -> 2027-07-21
2026-07-21 07:30:05,863 [INFO] Iniciando login Projuris ADV via browser (Playwright)…
2026-07-21 07:30:28,634 [INFO] Usuário preenchido: controladoria@falaw.com.br
2026-07-21 07:30:28,757 [INFO] Senha preenchida.
2026-07-21 07:30:29,073 [INFO] Formulário submetido.
2026-07-21 07:30:30,308 [INFO] Login OK — URL: https://app.projurisadv.com.br/?session_state=2769ab30-0b92-4667-810c-ee8979fedfc1&iss=https%3A%2F%2Flogin.projurisadv.com.br%2Frealms%2Fprojurisadv-realm&code=464cfc39-a83c-4b98-ba45-42757d76c944.2769ab30-0b92-4667-810c-ee8979fedfc1.4467be42-ba4b-4376-bfca-071a56b6df26
2026-07-21 07:30:30,636 [INFO] Bearer token capturado das requisições de rede.
2026-07-21 07:30:40,897 [INFO]   Retornou 227 itens
2026-07-21 07:30:40,901 [INFO] Calendario: 227 tarefas recebidas
2026-07-21 07:30:47,317 [INFO] Audiencias salvas no Supabase (pauta_audiencias): 227
2026-07-21 07:30:54,729 [INFO] Reconciliacao: 190 audiencia(s) marcadas como cancelada(s)
2026-07-21 07:30:55,373 [WARNING] pauta_sync_log 404: {"code":"PGRST205","details":null,"hint":"Perhaps you meant the table 'public.sync_log'","message":"Could not find the table 'public.pauta_sync_log' in the schema cache"}
2026-07-21 07:30:55,377 [INFO] ============================================================
2026-07-21 07:30:55,378 [INFO] Sincronizacao concluida.
2026-07-21 07:30:55,378 [INFO] ============================================================
2026-07-21 14:12:15,217 [INFO] ============================================================
2026-07-21 14:12:15,217 [INFO] Pauta de Audiencias — 21/07/2026 14:12
2026-07-21 14:12:15,218 [INFO] Projuris ADV: https://service.projurisadv.com.br
2026-07-21 14:12:15,218 [INFO] Supabase: https://yleofidqkimeanpuothv.supabase.co
2026-07-21 14:12:15,218 [INFO] Periodo: 2026-07-21 -> 2027-07-21
2026-07-21 14:12:15,218 [INFO] ============================================================
2026-07-21 14:12:15,218 [INFO] Calendario: 2026-07-21 -> 2027-07-21
2026-07-21 14:12:15,786 [INFO] Iniciando login Projuris ADV via browser (Playwright)…
2026-07-21 19:30:05,059 [INFO] ============================================================
2026-07-21 19:30:05,059 [INFO] Pauta de Audiencias — 21/07/2026 19:30
2026-07-21 19:30:05,060 [INFO] Projuris ADV: https://service.projurisadv.com.br
2026-07-21 19:30:05,060 [INFO] Supabase: https://yleofidqkimeanpuothv.supabase.co
2026-07-21 19:30:05,060 [INFO] Periodo: 2026-07-21 -> 2027-07-21
2026-07-21 19:30:05,060 [INFO] ============================================================
2026-07-21 19:30:05,060 [INFO] Calendario: 2026-07-21 -> 2027-07-21
2026-07-21 19:30:05,589 [INFO] Iniciando login Projuris ADV via browser (Playwright)…
2026-07-21 19:30:35,702 [INFO] Usuário preenchido: controladoria@falaw.com.br
2026-07-21 19:30:35,812 [INFO] Senha preenchida.
2026-07-21 19:30:36,210 [INFO] Formulário submetido.
2026-07-21 19:30:37,567 [INFO] Login OK — URL: https://app.projurisadv.com.br/?session_state=4782bbcb-1bb9-496c-abe0-d2cfca1e9bb0&iss=https%3A%2F%2Flogin.projurisadv.com.br%2Frealms%2Fprojurisadv-realm&code=14166656-875e-4017-ab82-1261439369bd.4782bbcb-1bb9-496c-abe0-d2cfca1e9bb0.4467be42-ba4b-4376-bfca-071a56b6df26
2026-07-21 19:30:37,957 [INFO] Bearer token capturado das requisições de rede.
2026-07-21 19:30:50,414 [INFO]   Retornou 233 itens
2026-07-21 19:30:50,563 [INFO] Calendario: 233 tarefas recebidas
2026-07-21 19:30:57,195 [INFO] Audiencias salvas no Supabase (pauta_audiencias): 233
2026-07-21 19:31:04,418 [INFO] Reconciliacao: 191 audiencia(s) marcadas como cancelada(s)
2026-07-21 19:31:05,149 [WARNING] pauta_sync_log 404: {"code":"PGRST205","details":null,"hint":"Perhaps you meant the table 'public.sync_log'","message":"Could not find the table 'public.pauta_sync_log' in the schema cache"}
2026-07-21 19:31:05,152 [INFO] ============================================================
2026-07-21 19:31:05,152 [INFO] Sincronizacao concluida.
2026-07-21 19:31:05,152 [INFO] ============================================================
2026-07-22 13:30:05,673 [INFO] ============================================================
2026-07-22 13:30:05,674 [INFO] Pauta de Audiencias — 22/07/2026 13:30
2026-07-22 13:30:05,674 [INFO] Projuris ADV: https://service.projurisadv.com.br
2026-07-22 13:30:05,674 [INFO] Supabase: https://yleofidqkimeanpuothv.supabase.co
2026-07-22 13:30:05,674 [INFO] Periodo: 2026-07-22 -> 2027-07-22
2026-07-22 13:30:05,674 [INFO] ============================================================
2026-07-22 13:30:05,674 [INFO] Calendario: 2026-07-22 -> 2027-07-22
2026-07-22 13:30:06,112 [INFO] Iniciando login Projuris ADV via browser (Playwright)…
