2026-05-15 21:46:15,595 [INFO] ============================================================
2026-05-15 21:46:15,595 [INFO] Whom Auth — Detectando extensão e autenticando TRTs
2026-05-15 21:46:15,596 [INFO] ============================================================
2026-05-15 21:46:16,300 [INFO] Whom encontrado: ID=lnidijeaekolpfeckelhkomndglcglhh | popup=index.html | perfil=Profile 9
2026-05-15 21:46:16,300 [INFO] URL do Whom: chrome-extension://lnidijeaekolpfeckelhkomndglcglhh/index.html
2026-05-15 21:46:20,290 [ERROR] Não foi possível conectar ao Chrome: BrowserType.connect_over_cdp: connect ECONNREFUSED ::1:9222
Call log:
  - <ws preparing> retrieving websocket url from http://localhost:9222

2026-05-15 21:46:20,291 [ERROR] Abra o Chrome com 1_abrir_chrome.bat antes de executar.
2026-05-15 21:48:47,381 [INFO] ============================================================
2026-05-15 21:48:47,382 [INFO] Whom Auth — Detectando extensão e autenticando TRTs
2026-05-15 21:48:47,385 [INFO] ============================================================
2026-05-15 21:48:47,422 [INFO] Whom encontrado: ID=lnidijeaekolpfeckelhkomndglcglhh | popup=index.html | perfil=Profile 9
2026-05-15 21:48:47,423 [INFO] URL do Whom: chrome-extension://lnidijeaekolpfeckelhkomndglcglhh/index.html
2026-05-15 21:48:49,523 [ERROR] Não foi possível conectar ao Chrome: BrowserType.connect_over_cdp: connect ECONNREFUSED ::1:9222
Call log:
  - <ws preparing> retrieving websocket url from http://localhost:9222

2026-05-15 21:48:49,523 [ERROR] Abra o Chrome com 1_abrir_chrome.bat antes de executar.
2026-05-15 21:49:01,553 [INFO] ============================================================
2026-05-15 21:49:01,554 [INFO] Whom Auth — Detectando extensão e autenticando TRTs
2026-05-15 21:49:01,554 [INFO] ============================================================
2026-05-15 21:49:01,579 [INFO] Whom encontrado: ID=lnidijeaekolpfeckelhkomndglcglhh | popup=index.html | perfil=Profile 9
2026-05-15 21:49:01,579 [INFO] URL do Whom: chrome-extension://lnidijeaekolpfeckelhkomndglcglhh/index.html
2026-05-15 21:49:02,645 [ERROR] Não foi possível conectar ao Chrome: BrowserType.connect_over_cdp: connect ECONNREFUSED ::1:9222
Call log:
  - <ws preparing> retrieving websocket url from http://localhost:9222

2026-05-15 21:49:02,645 [ERROR] Abra o Chrome com 1_abrir_chrome.bat antes de executar.
2026-05-15 21:49:34,162 [INFO] ============================================================
2026-05-15 21:49:34,163 [INFO] Whom Auth — Detectando extensão e autenticando TRTs
2026-05-15 21:49:34,163 [INFO] ============================================================
2026-05-15 21:49:34,187 [INFO] Whom encontrado: ID=lnidijeaekolpfeckelhkomndglcglhh | popup=index.html | perfil=Profile 9
2026-05-15 21:49:34,187 [INFO] URL do Whom: chrome-extension://lnidijeaekolpfeckelhkomndglcglhh/index.html
2026-05-15 21:49:35,235 [ERROR] Não foi possível conectar ao Chrome: BrowserType.connect_over_cdp: connect ECONNREFUSED ::1:9222
Call log:
  - <ws preparing> retrieving websocket url from http://localhost:9222

2026-05-15 21:49:35,235 [ERROR] Abra o Chrome com 1_abrir_chrome.bat antes de executar.
2026-05-15 21:50:09,093 [INFO] ============================================================
2026-05-15 21:50:09,093 [INFO] Whom Auth — Detectando extensão e autenticando TRTs
2026-05-15 21:50:09,094 [INFO] ============================================================
2026-05-15 21:50:09,119 [INFO] Whom encontrado: ID=lnidijeaekolpfeckelhkomndglcglhh | popup=index.html | perfil=Profile 9
2026-05-15 21:50:09,119 [INFO] URL do Whom: chrome-extension://lnidijeaekolpfeckelhkomndglcglhh/index.html
2026-05-15 21:50:10,179 [ERROR] Não foi possível conectar ao Chrome: BrowserType.connect_over_cdp: connect ECONNREFUSED ::1:9222
Call log:
  - <ws preparing> retrieving websocket url from http://localhost:9222

2026-05-15 21:50:10,179 [ERROR] Abra o Chrome com 1_abrir_chrome.bat antes de executar.
2026-05-15 22:00:26,146 [INFO] ============================================================
2026-05-15 22:00:26,146 [INFO] Whom Auth — Detectando extensão e autenticando TRTs
2026-05-15 22:00:26,147 [INFO] ============================================================
2026-05-15 22:00:26,588 [INFO] Whom encontrado: ID=lnidijeaekolpfeckelhkomndglcglhh | popup=index.html | perfil=Profile 9
2026-05-15 22:00:26,589 [INFO] URL do Whom: chrome-extension://lnidijeaekolpfeckelhkomndglcglhh/index.html
2026-05-15 22:00:29,924 [ERROR] Não foi possível conectar ao Chrome: BrowserType.connect_over_cdp: connect ECONNREFUSED ::1:9222
Call log:
  - <ws preparing> retrieving websocket url from http://localhost:9222

2026-05-15 22:00:29,925 [ERROR] Abra o Chrome com 1_abrir_chrome.bat antes de executar.
2026-05-15 22:02:19,959 [INFO] ============================================================
2026-05-15 22:02:19,959 [INFO] Whom Auth — Detectando extensão e autenticando TRTs
2026-05-15 22:02:19,959 [INFO] ============================================================
2026-05-15 22:02:20,081 [INFO] Whom encontrado: ID=lnidijeaekolpfeckelhkomndglcglhh | popup=index.html | perfil=Profile 9
2026-05-15 22:02:20,082 [INFO] URL do Whom: chrome-extension://lnidijeaekolpfeckelhkomndglcglhh/index.html
2026-05-15 22:02:21,876 [ERROR] Não foi possível conectar ao Chrome: BrowserType.connect_over_cdp: connect ECONNREFUSED ::1:9222
Call log:
  - <ws preparing> retrieving websocket url from http://localhost:9222

2026-05-15 22:02:21,876 [ERROR] Abra o Chrome com 1_abrir_chrome.bat antes de executar.
2026-05-15 22:37:25,534 [INFO] ============================================================
2026-05-15 22:37:25,535 [INFO] Whom Auth — Detectando extensão e autenticando TRTs
2026-05-15 22:37:25,538 [INFO] ============================================================
2026-05-15 22:37:26,117 [INFO] Whom encontrado: ID=lnidijeaekolpfeckelhkomndglcglhh | popup=index.html | perfil=Profile 9
2026-05-15 22:37:26,120 [INFO] URL do Whom: chrome-extension://lnidijeaekolpfeckelhkomndglcglhh/index.html
2026-05-15 22:37:40,700 [ERROR] Não foi possível conectar ao Chrome: BrowserType.connect_over_cdp: connect ECONNREFUSED 127.0.0.1:9222
Call log:
  - <ws preparing> retrieving websocket url from http://127.0.0.1:9222

2026-05-15 22:37:40,700 [ERROR] Abra o Chrome com 1_abrir_chrome.bat antes de executar.
2026-05-15 22:43:28,196 [INFO] ============================================================
2026-05-15 22:43:28,199 [INFO] Whom Auth — Detectando extensão e autenticando TRTs
2026-05-15 22:43:28,199 [INFO] ============================================================
2026-05-15 22:43:28,224 [INFO] Whom encontrado: ID=lnidijeaekolpfeckelhkomndglcglhh | popup=index.html | perfil=Profile 9
2026-05-15 22:43:28,224 [INFO] URL do Whom: chrome-extension://lnidijeaekolpfeckelhkomndglcglhh/index.html
2026-05-15 22:43:29,275 [INFO] Conectado ao Chrome (porta 9222)
2026-05-15 22:43:29,392 [INFO] Autenticando: TRT1 Pje - 1º grau
2026-05-15 22:43:29,403 [ERROR] Erro ao autenticar TRT1 Pje - 1º grau: 'Page' object has no attribute 'new_page'
2026-05-15 22:43:29,405 [INFO] Autenticando: TRT1 Pje - 2º grau
2026-05-15 22:43:29,407 [ERROR] Erro ao autenticar TRT1 Pje - 2º grau: 'Page' object has no attribute 'new_page'
2026-05-15 22:43:29,408 [INFO] Autenticando: TRT2 Pje - 1º grau
2026-05-15 22:43:29,408 [ERROR] Erro ao autenticar TRT2 Pje - 1º grau: 'Page' object has no attribute 'new_page'
2026-05-15 22:43:29,409 [INFO] Autenticando: TRT2 Pje - 2º grau
2026-05-15 22:43:29,418 [ERROR] Erro ao autenticar TRT2 Pje - 2º grau: 'Page' object has no attribute 'new_page'
2026-05-15 22:43:29,419 [INFO] Autenticando: TRT3 Pje - 1º grau
2026-05-15 22:43:29,419 [ERROR] Erro ao autenticar TRT3 Pje - 1º grau: 'Page' object has no attribute 'new_page'
2026-05-15 22:43:29,420 [INFO] Autenticando: TRT3 Pje - 2º grau
2026-05-15 22:43:29,420 [ERROR] Erro ao autenticar TRT3 Pje - 2º grau: 'Page' object has no attribute 'new_page'
2026-05-15 22:43:29,421 [INFO] Autenticando: TRT4 Pje - 1º grau
2026-05-15 22:43:29,423 [ERROR] Erro ao autenticar TRT4 Pje - 1º grau: 'Page' object has no attribute 'new_page'
2026-05-15 22:43:29,423 [INFO] Autenticando: TRT4 Pje - 2º grau
2026-05-15 22:43:29,424 [ERROR] Erro ao autenticar TRT4 Pje - 2º grau: 'Page' object has no attribute 'new_page'
2026-05-15 22:43:29,424 [INFO] Autenticando: TRT5 Pje - 1º grau
2026-05-15 22:43:29,424 [ERROR] Erro ao autenticar TRT5 Pje - 1º grau: 'Page' object has no attribute 'new_page'
2026-05-15 22:43:29,425 [INFO] Autenticando: TRT5 Pje - 2º grau
2026-05-15 22:43:29,425 [ERROR] Erro ao autenticar TRT5 Pje - 2º grau: 'Page' object has no attribute 'new_page'
2026-05-15 22:43:29,425 [INFO] Autenticando: TRT6 Pje - 1º grau
2026-05-15 22:43:29,425 [ERROR] Erro ao autenticar TRT6 Pje - 1º grau: 'Page' object has no attribute 'new_page'
2026-05-15 22:43:29,426 [INFO] Autenticando: TRT6 Pje - 2º grau
2026-05-15 22:43:29,433 [ERROR] Erro ao autenticar TRT6 Pje - 2º grau: 'Page' object has no attribute 'new_page'
2026-05-15 22:43:29,434 [INFO] Autenticando: TRT7 Pje - 1º grau
2026-05-15 22:43:29,435 [ERROR] Erro ao autenticar TRT7 Pje - 1º grau: 'Page' object has no attribute 'new_page'
2026-05-15 22:43:29,435 [INFO] Autenticando: TRT7 Pje - 2º grau
2026-05-15 22:43:29,436 [ERROR] Erro ao autenticar TRT7 Pje - 2º grau: 'Page' object has no attribute 'new_page'
2026-05-15 22:43:29,436 [INFO] Autenticando: TRT8 Pje - 1º grau
2026-05-15 22:43:29,437 [ERROR] Erro ao autenticar TRT8 Pje - 1º grau: 'Page' object has no attribute 'new_page'
2026-05-15 22:43:29,437 [INFO] Autenticando: TRT8 Pje - 2º grau
2026-05-15 22:43:29,437 [ERROR] Erro ao autenticar TRT8 Pje - 2º grau: 'Page' object has no attribute 'new_page'
2026-05-15 22:43:29,437 [INFO] Autenticando: TRT9 Pje - 1º grau
2026-05-15 22:43:29,438 [ERROR] Erro ao autenticar TRT9 Pje - 1º grau: 'Page' object has no attribute 'new_page'
2026-05-15 22:43:29,438 [INFO] Autenticando: TRT9 Pje - 2º grau
2026-05-15 22:43:29,438 [ERROR] Erro ao autenticar TRT9 Pje - 2º grau: 'Page' object has no attribute 'new_page'
2026-05-15 22:43:29,438 [INFO] Autenticando: TRT10 Pje - 1º grau
2026-05-15 22:43:29,439 [ERROR] Erro ao autenticar TRT10 Pje - 1º grau: 'Page' object has no attribute 'new_page'
2026-05-15 22:43:29,439 [INFO] Autenticando: TRT10 Pje - 2º grau
2026-05-15 22:43:29,439 [ERROR] Erro ao autenticar TRT10 Pje - 2º grau: 'Page' object has no attribute 'new_page'
2026-05-15 22:43:29,439 [INFO] Autenticando: TRT11 Pje - 1º grau
2026-05-15 22:43:29,440 [ERROR] Erro ao autenticar TRT11 Pje - 1º grau: 'Page' object has no attribute 'new_page'
2026-05-15 22:43:29,440 [INFO] Autenticando: TRT11 Pje - 2º grau
2026-05-15 22:43:29,440 [ERROR] Erro ao autenticar TRT11 Pje - 2º grau: 'Page' object has no attribute 'new_page'
2026-05-15 22:43:29,441 [INFO] Autenticando: TRT12 Pje - 1º grau
2026-05-15 22:43:29,441 [ERROR] Erro ao autenticar TRT12 Pje - 1º grau: 'Page' object has no attribute 'new_page'
2026-05-15 22:43:29,441 [INFO] Autenticando: TRT12 Pje - 2º grau
2026-05-15 22:43:29,442 [ERROR] Erro ao autenticar TRT12 Pje - 2º grau: 'Page' object has no attribute 'new_page'
2026-05-15 22:43:29,442 [INFO] Autenticando: TRT13 Pje - 1º grau
2026-05-15 22:43:29,442 [ERROR] Erro ao autenticar TRT13 Pje - 1º grau: 'Page' object has no attribute 'new_page'
2026-05-15 22:43:29,442 [INFO] Autenticando: TRT13 Pje - 2º grau
2026-05-15 22:43:29,452 [ERROR] Erro ao autenticar TRT13 Pje - 2º grau: 'Page' object has no attribute 'new_page'
2026-05-15 22:43:29,453 [INFO] Autenticando: TRT14 Pje - 1º grau
2026-05-15 22:43:29,453 [ERROR] Erro ao autenticar TRT14 Pje - 1º grau: 'Page' object has no attribute 'new_page'
2026-05-15 22:43:29,453 [INFO] Autenticando: TRT14 Pje - 2º grau
2026-05-15 22:43:29,454 [ERROR] Erro ao autenticar TRT14 Pje - 2º grau: 'Page' object has no attribute 'new_page'
2026-05-15 22:43:29,454 [INFO] Autenticando: TRT15 Pje - 1º grau
2026-05-15 22:43:29,454 [ERROR] Erro ao autenticar TRT15 Pje - 1º grau: 'Page' object has no attribute 'new_page'
2026-05-15 22:43:29,455 [INFO] Autenticando: TRT15 Pje - 2º grau
2026-05-15 22:43:29,455 [ERROR] Erro ao autenticar TRT15 Pje - 2º grau: 'Page' object has no attribute 'new_page'
2026-05-15 22:43:29,455 [INFO] Autenticando: TRT16 Pje - 1º grau
2026-05-15 22:43:29,456 [ERROR] Erro ao autenticar TRT16 Pje - 1º grau: 'Page' object has no attribute 'new_page'
2026-05-15 22:43:29,456 [INFO] Autenticando: TRT16 Pje - 2º grau
2026-05-15 22:43:29,456 [ERROR] Erro ao autenticar TRT16 Pje - 2º grau: 'Page' object has no attribute 'new_page'
2026-05-15 22:43:29,456 [INFO] Autenticando: TRT17 Pje - 1º grau
2026-05-15 22:43:29,457 [ERROR] Erro ao autenticar TRT17 Pje - 1º grau: 'Page' object has no attribute 'new_page'
2026-05-15 22:43:29,457 [INFO] Autenticando: TRT17 Pje - 2º grau
2026-05-15 22:43:29,457 [ERROR] Erro ao autenticar TRT17 Pje - 2º grau: 'Page' object has no attribute 'new_page'
2026-05-15 22:43:29,457 [INFO] Autenticando: TRT18 Pje - 1º grau
2026-05-15 22:43:29,457 [ERROR] Erro ao autenticar TRT18 Pje - 1º grau: 'Page' object has no attribute 'new_page'
2026-05-15 22:43:29,458 [INFO] Autenticando: TRT18 Pje - 2º grau
2026-05-15 22:43:29,458 [ERROR] Erro ao autenticar TRT18 Pje - 2º grau: 'Page' object has no attribute 'new_page'
2026-05-15 22:43:29,458 [INFO] Autenticando: TRT19 Pje - 1º grau
2026-05-15 22:43:29,458 [ERROR] Erro ao autenticar TRT19 Pje - 1º grau: 'Page' object has no attribute 'new_page'
2026-05-15 22:43:29,458 [INFO] Autenticando: TRT19 Pje - 2º grau
2026-05-15 22:43:29,459 [ERROR] Erro ao autenticar TRT19 Pje - 2º grau: 'Page' object has no attribute 'new_page'
2026-05-15 22:43:29,459 [INFO] Autenticando: TRT20 Pje - 1º grau
2026-05-15 22:43:29,467 [ERROR] Erro ao autenticar TRT20 Pje - 1º grau: 'Page' object has no attribute 'new_page'
2026-05-15 22:43:29,467 [INFO] Autenticando: TRT20 Pje - 2º grau
2026-05-15 22:43:29,468 [ERROR] Erro ao autenticar TRT20 Pje - 2º grau: 'Page' object has no attribute 'new_page'
2026-05-15 22:43:29,469 [INFO] Autenticando: TRT21 Pje - 1º grau
2026-05-15 22:43:29,469 [ERROR] Erro ao autenticar TRT21 Pje - 1º grau: 'Page' object has no attribute 'new_page'
2026-05-15 22:43:29,470 [INFO] Autenticando: TRT21 Pje - 2º grau
2026-05-15 22:43:29,470 [ERROR] Erro ao autenticar TRT21 Pje - 2º grau: 'Page' object has no attribute 'new_page'
2026-05-15 22:43:29,470 [INFO] Autenticando: TRT22 Pje - 1º grau
2026-05-15 22:43:29,471 [ERROR] Erro ao autenticar TRT22 Pje - 1º grau: 'Page' object has no attribute 'new_page'
2026-05-15 22:43:29,471 [INFO] Autenticando: TRT22 Pje - 2º grau
2026-05-15 22:43:29,471 [ERROR] Erro ao autenticar TRT22 Pje - 2º grau: 'Page' object has no attribute 'new_page'
2026-05-15 22:43:29,472 [INFO] Autenticando: TRT23 Pje - 1º grau
2026-05-15 22:43:29,472 [ERROR] Erro ao autenticar TRT23 Pje - 1º grau: 'Page' object has no attribute 'new_page'
2026-05-15 22:43:29,472 [INFO] Autenticando: TRT23 Pje - 2º grau
2026-05-15 22:43:29,472 [ERROR] Erro ao autenticar TRT23 Pje - 2º grau: 'Page' object has no attribute 'new_page'
2026-05-15 22:43:29,473 [INFO] Autenticando: TRT24 Pje - 1º grau
2026-05-15 22:43:29,473 [ERROR] Erro ao autenticar TRT24 Pje - 1º grau: 'Page' object has no attribute 'new_page'
2026-05-15 22:43:29,473 [INFO] Autenticando: TRT24 Pje - 2º grau
2026-05-15 22:43:29,473 [ERROR] Erro ao autenticar TRT24 Pje - 2º grau: 'Page' object has no attribute 'new_page'
2026-05-15 22:43:29,474 [INFO] Autenticando: TST Pje
2026-05-15 22:43:29,474 [ERROR] Erro ao autenticar TST Pje: 'Page' object has no attribute 'new_page'
2026-05-15 22:43:29,549 [INFO] 
============================================================
2026-05-15 22:43:29,550 [INFO] RESULTADO
2026-05-15 22:43:29,550 [INFO] ============================================================
2026-05-15 22:43:29,552 [INFO] Autenticados (0): —
2026-05-15 22:43:29,553 [WARNING] Não encontrados (49): TRT1 Pje - 1º grau, TRT1 Pje - 2º grau, TRT2 Pje - 1º grau, TRT2 Pje - 2º grau, TRT3 Pje - 1º grau, TRT3 Pje - 2º grau, TRT4 Pje - 1º grau, TRT4 Pje - 2º grau, TRT5 Pje - 1º grau, TRT5 Pje - 2º grau, TRT6 Pje - 1º grau, TRT6 Pje - 2º grau, TRT7 Pje - 1º grau, TRT7 Pje - 2º grau, TRT8 Pje - 1º grau, TRT8 Pje - 2º grau, TRT9 Pje - 1º grau, TRT9 Pje - 2º grau, TRT10 Pje - 1º grau, TRT10 Pje - 2º grau, TRT11 Pje - 1º grau, TRT11 Pje - 2º grau, TRT12 Pje - 1º grau, TRT12 Pje - 2º grau, TRT13 Pje - 1º grau, TRT13 Pje - 2º grau, TRT14 Pje - 1º grau, TRT14 Pje - 2º grau, TRT15 Pje - 1º grau, TRT15 Pje - 2º grau, TRT16 Pje - 1º grau, TRT16 Pje - 2º grau, TRT17 Pje - 1º grau, TRT17 Pje - 2º grau, TRT18 Pje - 1º grau, TRT18 Pje - 2º grau, TRT19 Pje - 1º grau, TRT19 Pje - 2º grau, TRT20 Pje - 1º grau, TRT20 Pje - 2º grau, TRT21 Pje - 1º grau, TRT21 Pje - 2º grau, TRT22 Pje - 1º grau, TRT22 Pje - 2º grau, TRT23 Pje - 1º grau, TRT23 Pje - 2º grau, TRT24 Pje - 1º grau, TRT24 Pje - 2º grau, TST Pje
2026-05-15 22:43:29,554 [INFO] ============================================================
2026-05-15 22:43:29,554 [INFO] Sessões ativas. Execute scraper.py para coletar as audiências.
2026-05-16 09:47:53,632 [INFO] ============================================================
2026-05-16 09:47:53,632 [INFO] Whom Auth — Detectando extensão e autenticando TRTs
2026-05-16 09:47:53,632 [INFO] ============================================================
2026-05-16 09:47:53,660 [INFO] Whom encontrado: ID=lnidijeaekolpfeckelhkomndglcglhh | popup=index.html | perfil=Profile 9
2026-05-16 09:47:53,660 [INFO] URL do Whom: chrome-extension://lnidijeaekolpfeckelhkomndglcglhh/index.html
2026-05-16 09:47:54,949 [INFO] Conectado ao Chrome (porta 9222)
2026-05-16 09:47:54,949 [INFO] Autenticando: TRT2 Pje - 1u{00BA} grau
2026-05-16 09:47:57,583 [ERROR] [TRT2 Pje - 1u{00BA} grau] Erro inesperado: Locator.wait_for: Target page, context or browser has been closed
2026-05-16 09:47:58,154 [INFO] 
============================================================
2026-05-16 09:47:58,155 [INFO] RESULTADO
2026-05-16 09:47:58,155 [INFO] ============================================================
2026-05-16 09:47:58,155 [INFO] Autenticados (0): —
2026-05-16 09:47:58,155 [WARNING] Não autenticados (1): TRT2 Pje - 1u{00BA} grau
2026-05-16 09:47:58,155 [INFO] ============================================================
2026-05-16 09:47:58,156 [INFO] Sessões ativas. Execute scraper.py para coletar as audiências.
2026-05-16 09:51:12,371 [INFO] ============================================================
2026-05-16 09:51:12,372 [INFO] Whom Auth — Detectando extensão e autenticando TRTs
2026-05-16 09:51:12,373 [INFO] ============================================================
2026-05-16 09:51:12,409 [INFO] Whom encontrado: ID=lnidijeaekolpfeckelhkomndglcglhh | popup=index.html | perfil=Profile 9
2026-05-16 09:51:12,410 [INFO] URL do Whom: chrome-extension://lnidijeaekolpfeckelhkomndglcglhh/index.html
2026-05-16 09:51:14,191 [INFO] Conectado ao Chrome (porta 9222)
2026-05-16 09:51:14,191 [INFO] Autenticando: TRT2 Pje - 1u{00BA} grau
2026-05-16 09:51:24,081 [WARNING] [TRT2 Pje - 1u{00BA} grau] Sistema não encontrado no dropdown do Whom
2026-05-16 09:51:24,734 [INFO] 
============================================================
2026-05-16 09:51:24,735 [INFO] RESULTADO
2026-05-16 09:51:24,735 [INFO] ============================================================
2026-05-16 09:51:24,735 [INFO] Autenticados (0): —
2026-05-16 09:51:24,736 [WARNING] Não autenticados (1): TRT2 Pje - 1u{00BA} grau
2026-05-16 09:51:24,736 [INFO] ============================================================
2026-05-16 09:51:24,737 [INFO] Sessões ativas. Execute scraper.py para coletar as audiências.
2026-05-16 09:52:15,880 [INFO] ============================================================
2026-05-16 09:52:15,883 [INFO] Whom Auth — Detectando extensão e autenticando TRTs
2026-05-16 09:52:15,884 [INFO] ============================================================
2026-05-16 09:52:15,944 [INFO] Whom encontrado: ID=lnidijeaekolpfeckelhkomndglcglhh | popup=index.html | perfil=Profile 9
2026-05-16 09:52:15,944 [INFO] URL do Whom: chrome-extension://lnidijeaekolpfeckelhkomndglcglhh/index.html
2026-05-16 09:52:16,914 [INFO] Conectado ao Chrome (porta 9222)
2026-05-16 09:52:16,914 [INFO] Autenticando: TRT2 Pje - 1º grau
2026-05-16 09:52:24,449 [INFO] [OK] TRT2 Pje - 1º grau
2026-05-16 09:52:28,049 [INFO] 
============================================================
2026-05-16 09:52:28,049 [INFO] RESULTADO
2026-05-16 09:52:28,050 [INFO] ============================================================
2026-05-16 09:52:28,050 [INFO] Autenticados (1): TRT2 Pje - 1º grau
2026-05-16 09:52:28,050 [INFO] ============================================================
2026-05-16 09:52:28,050 [INFO] Sessões ativas. Execute scraper.py para coletar as audiências.
2026-05-16 09:52:54,010 [INFO] ============================================================
2026-05-16 09:52:54,010 [INFO] Whom Auth — Detectando extensão e autenticando TRTs
2026-05-16 09:52:54,010 [INFO] ============================================================
2026-05-16 09:52:54,062 [INFO] Whom encontrado: ID=lnidijeaekolpfeckelhkomndglcglhh | popup=index.html | perfil=Profile 9
2026-05-16 09:52:54,062 [INFO] URL do Whom: chrome-extension://lnidijeaekolpfeckelhkomndglcglhh/index.html
2026-05-16 09:52:55,047 [INFO] Conectado ao Chrome (porta 9222)
2026-05-16 09:52:55,047 [INFO] Autenticando: TRT2 Pje - 1º grau
2026-05-16 09:53:02,178 [INFO] [OK] TRT2 Pje - 1º grau
2026-05-16 09:53:05,784 [INFO] Autenticando: TRT2 Pje - 2º grau
2026-05-16 09:53:13,309 [INFO] [OK] TRT2 Pje - 2º grau
2026-05-16 09:53:16,833 [INFO] Autenticando: TRT16 Pje - 1º grau
2026-05-16 09:53:24,347 [INFO] [OK] TRT16 Pje - 1º grau
2026-05-16 09:53:28,009 [INFO] 
============================================================
2026-05-16 09:53:28,009 [INFO] RESULTADO
2026-05-16 09:53:28,009 [INFO] ============================================================
2026-05-16 09:53:28,009 [INFO] Autenticados (3): TRT2 Pje - 1º grau, TRT2 Pje - 2º grau, TRT16 Pje - 1º grau
2026-05-16 09:53:28,010 [INFO] ============================================================
2026-05-16 09:53:28,010 [INFO] Sessões ativas. Execute scraper.py para coletar as audiências.
